BL51 BANKED LINKER/LOCATER V6.22                                                        06/06/2025  18:36:09  PAGE 1


BL51 BANKED LINKER/LOCATER V6.22, INVOKED BY:
C:\KEIL_V5\C51\BIN\BL51.EXE .\Objects\OPTIONS_SN8F5754.obj, .\Objects\STARTUP.obj, .\Objects\main.obj, .\Objects\sysmode
>> .obj, .\Objects\user_init.obj, .\Objects\user_isr.obj, .\Objects\user_key.obj, .\Objects\user_app.obj, .\Objects\user
>> _iic.obj, .\Objects\user_display.obj, .\TouchLib\captouch_lib.LIB, .\TouchLib\captouch_debug_i2c.LIB, .\TouchLib\capt
>> ouch_debug_uart.LIB, .\TouchLib\captouch_lpsm.LIB TO .\Objects\Touch5754 PRINT (.\Listings\Touch5754.m51) RAMSIZE (25
>> 6) CODE (0X0000-0X3FF5) XDATA (0X0000-0X03FF)


MEMORY MODEL: SMALL


INPUT MODULES INCLUDED:
  .\Objects\OPTIONS_SN8F5754.obj (OPTIONS_SN8F5754)
  .\Objects\STARTUP.obj (?C_STARTUP)
  .\Objects\main.obj (MAIN)
  .\Objects\sysmode.obj (SYSMODE)
  .\Objects\user_init.obj (USER_INIT)
  .\Objects\user_isr.obj (USER_ISR)
  .\Objects\user_key.obj (USER_KEY)
  .\Objects\user_app.obj (USER_APP)
  .\Objects\user_iic.obj (USER_IIC)
  .\Objects\user_display.obj (USER_DISPLAY)
  .\TouchLib\captouch_lib.LIB (CAPTOUCH_LIB)
  .\TouchLib\captouch_debug_uart.LIB (CAPTOUCH_DEBUG_UART)
  C:\KEIL_V5\C51\LIB\C51S.LIB (?C_INIT)
  C:\KEIL_V5\C51\LIB\C51S.LIB (?C?CLDPTR)
  C:\KEIL_V5\C51\LIB\C51S.LIB (?C?CSTPTR)
  C:\KEIL_V5\C51\LIB\C51S.LIB (?C?IMUL)
  C:\KEIL_V5\C51\LIB\C51S.LIB (?C?UIDIV)
  C:\KEIL_V5\C51\LIB\C51S.LIB (?C?IILDX)
  C:\KEIL_V5\C51\LIB\C51S.LIB (?C?LMUL)
  C:\KEIL_V5\C51\LIB\C51S.LIB (?C?ULDIV)
  C:\KEIL_V5\C51\LIB\C51S.LIB (?C?SLCMP)
  C:\KEIL_V5\C51\LIB\C51S.LIB (?C?ULCMP)
  C:\KEIL_V5\C51\LIB\C51S.LIB (?C?ULSHR)
  C:\KEIL_V5\C51\LIB\C51S.LIB (?C?LLDIDATA0)
  C:\KEIL_V5\C51\LIB\C51S.LIB (?C?LSTXDATA)
  C:\KEIL_V5\C51\LIB\C51S.LIB (?C?LSTKIDATA)
  C:\KEIL_V5\C51\LIB\C51S.LIB (?C?LSTKXDATA)
  C:\KEIL_V5\C51\LIB\C51S.LIB (?C?OFFXADD)
  C:\KEIL_V5\C51\LIB\C51S.LIB (?C?LIMUL)


LINK MAP OF MODULE:  .\Objects\Touch5754 (OPTIONS_SN8F5754)


            TYPE    BASE      LENGTH    RELOCATION   SEGMENT NAME
            -----------------------------------------------------

            * * * * * * *   D A T A   M E M O R Y   * * * * * * *
            REG     0000H     0008H     ABSOLUTE     "REG BANK 0"
            DATA    0008H     0011H     UNIT         ?DT?USER_ISR
            DATA    0019H     0006H     UNIT         _DATA_GROUP_
                    001FH     0001H                  *** GAP ***
            BIT     0020H.0   0000H.5   UNIT         ?BI?CAPTOUCH_LIB
            BIT     0020H.5   0000H.3   UNIT         ?BI?MAIN
            BIT     0021H.0   0000H.2   UNIT         _BIT_GROUP_
            BIT     0021H.2   0000H.1   UNIT         ?BI?USER_KEY
BL51 BANKED LINKER/LOCATER V6.22                                                      06/06/2025  18:36:09  PAGE 2


                    0021H.3   0000H.5                *** GAP ***
            DATA    0022H     0035H     UNIT         ?DT?USER_APP
            DATA    0057H     000CH     UNIT         ?DT?USER_KEY
            DATA    0063H     000BH     UNIT         ?DT?USER_IIC
            DATA    006EH     0008H     UNIT         ?DT?USER_DISPLAY
            IDATA   0076H     000CH     UNIT         ?ID?CAPTOUCH_LIB
            IDATA   0082H     0007H     UNIT         _IDATA_GROUP_
            IDATA   0089H     0004H     UNIT         ?ID?USER_KEY
            IDATA   008DH     0003H     UNIT         ?ID?MAIN
            IDATA   0090H     0001H     UNIT         ?STACK

            * * * * * * *  X D A T A   M E M O R Y  * * * * * * *
            XDATA   0000H     0271H     UNIT         ?XD?MAIN
            XDATA   0271H     002FH     UNIT         _XDATA_GROUP_
            XDATA   02A0H     0022H     UNIT         ?XD?CAPTOUCH_LIB
                    02C2H     ED3EH                  *** GAP ***
            XDATA   F000H     0001H     ABSOLUTE     
            XDATA   F001H     0001H     ABSOLUTE     
            XDATA   F002H     0001H     ABSOLUTE     
            XDATA   F003H     0001H     ABSOLUTE     
                    F004H     000DH                  *** GAP ***
            XDATA   F011H     0001H     ABSOLUTE     
                    F012H     0006H                  *** GAP ***
            XDATA   F018H     0001H     ABSOLUTE     
            XDATA   F019H     0001H     ABSOLUTE     
            XDATA   F01AH     0001H     ABSOLUTE     
            XDATA   F01BH     0001H     ABSOLUTE     
                    F01CH     0004H                  *** GAP ***
            XDATA   F020H     0001H     ABSOLUTE     
            XDATA   F021H     0001H     ABSOLUTE     
            XDATA   F022H     0001H     ABSOLUTE     
            XDATA   F023H     0001H     ABSOLUTE     
                    F024H     0014H                  *** GAP ***
            XDATA   F038H     0001H     ABSOLUTE     
            XDATA   F039H     0001H     ABSOLUTE     
            XDATA   F03AH     0001H     ABSOLUTE     
            XDATA   F03BH     0001H     ABSOLUTE     
            XDATA   F03CH     0001H     ABSOLUTE     
            XDATA   F03DH     0001H     ABSOLUTE     
            XDATA   F03EH     0001H     ABSOLUTE     
            XDATA   F03FH     0001H     ABSOLUTE     
            XDATA   F040H     0001H     ABSOLUTE     
            XDATA   F041H     0001H     ABSOLUTE     
            XDATA   F042H     0001H     ABSOLUTE     
            XDATA   F043H     0001H     ABSOLUTE     
            XDATA   F044H     0001H     ABSOLUTE     
            XDATA   F045H     0001H     ABSOLUTE     
            XDATA   F046H     0001H     ABSOLUTE     
            XDATA   F047H     0001H     ABSOLUTE     
                    F048H     0028H                  *** GAP ***
            XDATA   F070H     0001H     ABSOLUTE     
            XDATA   F071H     0001H     ABSOLUTE     
            XDATA   F072H     0001H     ABSOLUTE     
            XDATA   F073H     0001H     ABSOLUTE     
                    F074H     0004H                  *** GAP ***
            XDATA   F078H     0001H     ABSOLUTE     
            XDATA   F079H     0001H     ABSOLUTE     
BL51 BANKED LINKER/LOCATER V6.22                                                      06/06/2025  18:36:09  PAGE 3


            XDATA   F07AH     0001H     ABSOLUTE     
            XDATA   F07BH     0001H     ABSOLUTE     
            XDATA   F07CH     0001H     ABSOLUTE     
            XDATA   F07DH     0001H     ABSOLUTE     
            XDATA   F07EH     0001H     ABSOLUTE     
            XDATA   F07FH     0001H     ABSOLUTE     
                    F080H     0008H                  *** GAP ***
            XDATA   F088H     0001H     ABSOLUTE     
            XDATA   F089H     0001H     ABSOLUTE     
            XDATA   F08AH     0001H     ABSOLUTE     
            XDATA   F08BH     0001H     ABSOLUTE     
            XDATA   F08CH     0001H     ABSOLUTE     
            XDATA   F08DH     0001H     ABSOLUTE     
            XDATA   F08EH     0001H     ABSOLUTE     
            XDATA   F08FH     0001H     ABSOLUTE     
                    F090H     0040H                  *** GAP ***
            XDATA   F0D0H     0001H     ABSOLUTE     
            XDATA   F0D1H     0001H     ABSOLUTE     
            XDATA   F0D2H     0001H     ABSOLUTE     
                    F0D3H     0001H                  *** GAP ***
            XDATA   F0D4H     0001H     ABSOLUTE     
            XDATA   F0D5H     0001H     ABSOLUTE     
            XDATA   F0D6H     0001H     ABSOLUTE     
            XDATA   F0D7H     0001H     ABSOLUTE     
            XDATA   F0D8H     0001H     ABSOLUTE     
            XDATA   F0D9H     0001H     ABSOLUTE     
            XDATA   F0DAH     0001H     ABSOLUTE     
            XDATA   F0DBH     0001H     ABSOLUTE     
            XDATA   F0DCH     0001H     ABSOLUTE     
            XDATA   F0DDH     0001H     ABSOLUTE     
            XDATA   F0DEH     0001H     ABSOLUTE     
            XDATA   F0DFH     0001H     ABSOLUTE     
            XDATA   F0E0H     0001H     ABSOLUTE     
            XDATA   F0E1H     0001H     ABSOLUTE     
            XDATA   F0E2H     0001H     ABSOLUTE     
            XDATA   F0E3H     0001H     ABSOLUTE     

            * * * * * * *   C O D E   M E M O R Y   * * * * * * *
            CODE    0000H     0003H     ABSOLUTE     
            CODE    0003H     0004H     UNIT         ?PR?ENABLE_DEBUG_UART?MAIN
            CODE    0007H     0004H     UNIT         ?PR?DISABLE_DEBUG_UART?MAIN
            CODE    000BH     0003H     ABSOLUTE     
            CODE    000EH     000CH     UNIT         ?PR?FIFO_EMPTY?USER_APP
            CODE    001AH     0001H     UNIT         ?PR?INIT_DELAY_SLEEP?MAIN
            CODE    001BH     0003H     ABSOLUTE     
            CODE    001EH     0025H     UNIT         ?PR?_FIFOWRITE?USER_APP
            CODE    0043H     0003H     ABSOLUTE     
            CODE    0046H     000CH     UNIT         ?PR?DISP_TIME?USER_APP
            CODE    0052H     0001H     UNIT         ?PR?ISR_TIMER0?USER_ISR
            CODE    0053H     0003H     ABSOLUTE     
            CODE    0056H     0003H     UNIT         ?PR?_WRITE_UART_BUF?MAIN
            CODE    0059H     0001H     UNIT         ?PR?ISR_ADC?USER_ISR
                    005AH     0001H                  *** GAP ***
            CODE    005BH     0003H     ABSOLUTE     
            CODE    005EH     0048H     UNIT         ?PR?RESET_MEAS_TIMES_CNT?CAPTOUCH_LIB
                    00A6H     0005H                  *** GAP ***
            CODE    00ABH     0003H     ABSOLUTE     
BL51 BANKED LINKER/LOCATER V6.22                                                      06/06/2025  18:36:09  PAGE 4


                    00AEH     0005H                  *** GAP ***
            CODE    00B3H     0003H     ABSOLUTE     
            CODE    00B6H     0833H     UNIT         ?PR?SCAN_TOUCH_KEY?CAPTOUCH_LIB
            CODE    08E9H     0409H     UNIT         ?PR?DEBUG_UART_COMM?CAPTOUCH_DEBUG_UART
            CODE    0CF2H     0339H     UNIT         ?PR?CAPTOUCH_LIB
            CODE    102BH     029BH     UNIT         ?C?LIB_CODE
            CODE    12C6H     0240H     UNIT         ?PR?TOUCH_KEY_CVT?USER_KEY
            CODE    1506H     01C4H     UNIT         ?PR?DISPLAY?USER_DISPLAY
            CODE    16CAH     01BDH     UNIT         ?PR?ISR_CAPSENSING?CAPTOUCH_LIB
            CODE    1887H     0150H     UNIT         ?PR?LCD_BIT?USER_DISPLAY
            CODE    19D7H     0107H     UNIT         ?PR?TOUCHKEY_CHECKDEBOUNCE?CAPTOUCH_LIB
            CODE    1ADEH     00F9H     UNIT         ?PR?PRE_TOUCH?CAPTOUCH_LIB
            CODE    1BD7H     00D8H     UNIT         ?PR?CAPTOUCH_DEBUG_UART
            CODE    1CAFH     00D3H     UNIT         ?CO?MAIN
            CODE    1D82H     00B9H     UNIT         ?PR?ISR_TIMER1?USER_ISR
            CODE    1E3BH     009AH     UNIT         ?C_C51STARTUP
            CODE    1ED5H     0094H     UNIT         ?C_INITSEG
            CODE    1F69H     008EH     UNIT         ?PR?_TOUCH_MEAS_RESET?CAPTOUCH_LIB
            CODE    1FF7H     0088H     UNIT         ?PR?ISR_DEBUG_URX?MAIN
            CODE    207FH     0069H     UNIT         ?PR?ISR_I2C_SLAVE?USER_IIC
            CODE    20E8H     0069H     UNIT         ?PR?SWITCH_CHANNEL?CAPTOUCH_LIB
            CODE    2151H     0068H     UNIT         ?PR?HANDLE_OPEN?USER_APP
            CODE    21B9H     0060H     UNIT         ?PR?_HANDLE_STANDBY?USER_APP
            CODE    2219H     0048H     UNIT         ?PR?_CHECK_DATA_SUM?CAPTOUCH_DEBUG_UART
            CODE    2261H     0044H     UNIT         ?PR?INIT_SYS?USER_INIT
            CODE    22A5H     0043H     UNIT         ?PR?I2C_DATACOM?USER_IIC
            CODE    22E8H     0042H     UNIT         ?PR?CAPTOUCH_INTGND?MAIN
            CODE    232AH     003FH     UNIT         ?PR?SUM_BASE_DATA?CAPTOUCH_LIB
            CODE    2369H     003BH     UNIT         ?PR?ISR_DEBUG_UTX?MAIN
            CODE    23A4H     0030H     UNIT         ?PR?APP?USER_APP
            CODE    23D4H     0030H     UNIT         ?PR?CHECK_UTX_DELAY?CAPTOUCH_DEBUG_UART
            CODE    2404H     0030H     UNIT         ?PR?CHECK_URX_DELAY?CAPTOUCH_DEBUG_UART
            CODE    2434H     0029H     UNIT         ?PR?INIT_TOUCH_PORT?MAIN
            CODE    245DH     0029H     UNIT         ?PR?HANDLE_LOCK?USER_APP
            CODE    2486H     0027H     UNIT         ?PR?TOUCH_ISR_TIMER?MAIN
            CODE    24ADH     0023H     UNIT         ?PR?INIT_UART?MAIN
            CODE    24D0H     0022H     UNIT         ?PR?MAIN?MAIN
            CODE    24F2H     001FH     UNIT         ?PR?_PROCESS_I2C_COMMAND?USER_APP
            CODE    2511H     001EH     UNIT         ?PR?INIT_DEBUG_DATA?MAIN
            CODE    252FH     001AH     UNIT         ?PR?UART_WRITE_N_BYTE?CAPTOUCH_DEBUG_UART
            CODE    2549H     0018H     UNIT         ?PR?_GET_KEY_INDEX?CAPTOUCH_LIB
            CODE    2561H     0016H     UNIT         ?PR?IIC_INIT?USER_IIC
            CODE    2577H     0015H     UNIT         ?PR?_HANDLE_ERROR?USER_APP
            CODE    258CH     0014H     UNIT         ?PR?FIFOREAD?USER_APP
            CODE    25A0H     0013H     UNIT         ?PR?START_SCAN?CAPTOUCH_LIB
            CODE    25B3H     0011H     UNIT         ?PR?_HANDLE_CLOSE?USER_APP
            CODE    25C4H     0010H     UNIT         ?PR?INIT_TOUCH?MAIN
            CODE    25D4H     000EH     UNIT         ?CO?USER_DISPLAY
            CODE    25E2H     000EH     UNIT         ?CO?CAPTOUCH_LIB
            CODE    25F0H     000AH     UNIT         ?PR?BUZZEROFF?USER_APP
            CODE    25FAH     0009H     UNIT         ?PR?BUZZERON?USER_APP
                    2603H     19F3H                  *** GAP ***
            CODE    3FF6H     000AH     ABSOLUTE     



OVERLAY MAP OF MODULE:   .\Objects\Touch5754 (OPTIONS_SN8F5754)
BL51 BANKED LINKER/LOCATER V6.22                                                      06/06/2025  18:36:09  PAGE 5




SEGMENT                                             BIT_GROUP          DATA_GROUP          IDATA_GROUP         XDATA_GRO
>> UP
  +--> CALLED SEGMENT                            START    LENGTH     START    LENGTH     START    LENGTH     START    LE
>> NGTH
------------------------------------------------------------------------------------------------------------------------
>> ----
?C_C51STARTUP                                    -----    -----      -----    -----      -----    -----      -----    --
>> ---
  +--> ?PR?MAIN?MAIN
  +--> ?C_INITSEG

?PR?MAIN?MAIN                                    -----    -----      -----    -----      -----    -----      -----    --
>> ---
  +--> ?PR?INIT_SYS?USER_INIT
  +--> ?PR?INIT_TOUCH?MAIN
  +--> ?PR?IIC_INIT?USER_IIC
  +--> ?PR?SCAN_TOUCH_KEY?CAPTOUCH_LIB
  +--> ?PR?TOUCH_KEY_CVT?USER_KEY
  +--> ?PR?I2C_DATACOM?USER_IIC
  +--> ?PR?APP?USER_APP
  +--> ?PR?LCD_BIT?USER_DISPLAY

?PR?INIT_TOUCH?MAIN                              -----    -----      -----    -----      -----    -----      -----    --
>> ---
  +--> ?PR?INIT_TOUCH_PORT?MAIN
  +--> ?PR?INIT_UART?MAIN
  +--> ?PR?PRE_TOUCH?CAPTOUCH_LIB
  +--> ?PR?_TOUCH_MEAS_RESET?CAPTOUCH_LIB

?PR?PRE_TOUCH?CAPTOUCH_LIB                       -----    -----      -----    -----      0082H    0001H      -----    --
>> ---
  +--> ?PR?CAPTOUCH_LIB
  +--> ?CO?MAIN

?PR?CAPTOUCH_LIB                                 -----    -----      -----    -----      -----    -----      -----    --
>> ---
  +--> ?CO?MAIN

?PR?_TOUCH_MEAS_RESET?CAPTOUCH_LIB               -----    -----      -----    -----      -----    -----      -----    --
>> ---
  +--> ?PR?CAPTOUCH_LIB
  +--> ?PR?SWITCH_CHANNEL?CAPTOUCH_LIB

?PR?SWITCH_CHANNEL?CAPTOUCH_LIB                  -----    -----      -----    -----      0082H    0001H      -----    --
>> ---
  +--> ?PR?CAPTOUCH_LIB
  +--> ?CO?MAIN
  +--> ?CO?CAPTOUCH_LIB
  +--> ?PR?INIT_TOUCH_PORT?MAIN
  +--> ?PR?START_SCAN?CAPTOUCH_LIB

?PR?START_SCAN?CAPTOUCH_LIB                      -----    -----      -----    -----      -----    -----      -----    --
>> ---
  +--> ?CO?MAIN

BL51 BANKED LINKER/LOCATER V6.22                                                      06/06/2025  18:36:09  PAGE 6


?PR?SCAN_TOUCH_KEY?CAPTOUCH_LIB                  0021H.0  0000H.2    -----    -----      -----    -----      0271H    00
>> 29H
  +--> ?PR?TOUCHKEY_CHECKDEBOUNCE?CAPTOUCH_LIB
  +--> ?PR?CAPTOUCH_INTGND?MAIN
  +--> ?PR?CAPTOUCH_LIB
  +--> ?PR?_GET_KEY_INDEX?CAPTOUCH_LIB
  +--> ?PR?RESET_MEAS_TIMES_CNT?CAPTOUCH_LIB
  +--> ?PR?INIT_DELAY_SLEEP?MAIN
  +--> ?PR?SUM_BASE_DATA?CAPTOUCH_LIB
  +--> ?CO?MAIN
  +--> ?PR?SWITCH_CHANNEL?CAPTOUCH_LIB
  +--> ?PR?START_SCAN?CAPTOUCH_LIB
  +--> ?PR?INIT_DEBUG_DATA?MAIN

?PR?TOUCHKEY_CHECKDEBOUNCE?CAPTOUCH_LIB          -----    -----      -----    -----      0082H    0005H      -----    --
>> ---
  +--> ?CO?MAIN
  +--> ?PR?_GET_KEY_INDEX?CAPTOUCH_LIB
  +--> ?CO?CAPTOUCH_LIB
  +--> ?PR?CAPTOUCH_LIB

?PR?_GET_KEY_INDEX?CAPTOUCH_LIB                  -----    -----      -----    -----      -----    -----      -----    --
>> ---
  +--> ?CO?MAIN

?PR?CAPTOUCH_INTGND?MAIN                         -----    -----      -----    -----      -----    -----      -----    --
>> ---
  +--> ?PR?_TOUCH_MEAS_RESET?CAPTOUCH_LIB

?PR?RESET_MEAS_TIMES_CNT?CAPTOUCH_LIB            -----    -----      -----    -----      -----    -----      -----    --
>> ---
  +--> ?PR?CAPTOUCH_LIB

?PR?SUM_BASE_DATA?CAPTOUCH_LIB                   -----    -----      -----    -----      -----    -----      -----    --
>> ---
  +--> ?PR?CAPTOUCH_LIB

?PR?INIT_DEBUG_DATA?MAIN                         -----    -----      -----    -----      -----    -----      -----    --
>> ---
  +--> ?CO?CAPTOUCH_LIB
  +--> ?PR?DEBUG_UART_COMM?CAPTOUCH_DEBUG_UART

?PR?DEBUG_UART_COMM?CAPTOUCH_DEBUG_UART          -----    -----      -----    -----      -----    -----      029AH    00
>> 04H
  +--> ?PR?CAPTOUCH_DEBUG_UART
  +--> ?PR?CHECK_UTX_DELAY?CAPTOUCH_DEBUG_UART
  +--> ?PR?CHECK_URX_DELAY?CAPTOUCH_DEBUG_UART
  +--> ?CO?MAIN
  +--> ?PR?_TOUCH_MEAS_RESET?CAPTOUCH_LIB
  +--> ?PR?_CHECK_DATA_SUM?CAPTOUCH_DEBUG_UART
  +--> ?PR?UART_WRITE_N_BYTE?CAPTOUCH_DEBUG_...

?PR?CAPTOUCH_DEBUG_UART                          -----    -----      -----    -----      -----    -----      -----    --
>> ---
  +--> ?CO?MAIN

?PR?CHECK_UTX_DELAY?CAPTOUCH_DEBUG_UART          -----    -----      -----    -----      -----    -----      029EH    00
BL51 BANKED LINKER/LOCATER V6.22                                                      06/06/2025  18:36:09  PAGE 7


>> 02H
  +--> ?PR?DISABLE_DEBUG_UART?MAIN
  +--> ?PR?ENABLE_DEBUG_UART?MAIN

?PR?CHECK_URX_DELAY?CAPTOUCH_DEBUG_UART          -----    -----      -----    -----      -----    -----      029EH    00
>> 02H
  +--> ?PR?DISABLE_DEBUG_UART?MAIN
  +--> ?PR?ENABLE_DEBUG_UART?MAIN

?PR?_CHECK_DATA_SUM?CAPTOUCH_DEBUG_UART          -----    -----      0019H    0003H      -----    -----      029EH    00
>> 02H

?PR?UART_WRITE_N_BYTE?CAPTOUCH_DEBUG_...         -----    -----      -----    -----      -----    -----      -----    --
>> ---
  +--> ?PR?_WRITE_UART_BUF?MAIN

?PR?TOUCH_KEY_CVT?USER_KEY                       -----    -----      -----    -----      -----    -----      -----    --
>> ---
  +--> ?PR?BUZZERON?USER_APP
  +--> ?PR?_FIFOWRITE?USER_APP

?PR?APP?USER_APP                                 -----    -----      -----    -----      -----    -----      -----    --
>> ---
  +--> ?PR?BUZZEROFF?USER_APP
  +--> ?PR?_PROCESS_I2C_COMMAND?USER_APP
  +--> ?PR?DISP_TIME?USER_APP
  +--> ?PR?_HANDLE_STANDBY?USER_APP
  +--> ?PR?_HANDLE_CLOSE?USER_APP

?PR?_PROCESS_I2C_COMMAND?USER_APP                -----    -----      -----    -----      -----    -----      -----    --
>> ---
  +--> ?PR?FIFO_EMPTY?USER_APP
  +--> ?PR?FIFOREAD?USER_APP

?PR?_HANDLE_STANDBY?USER_APP                     -----    -----      0019H    0006H      -----    -----      -----    --
>> ---
  +--> ?PR?BUZZERON?USER_APP
  +--> ?PR?HANDLE_OPEN?USER_APP
  +--> ?PR?HANDLE_LOCK?USER_APP
  +--> ?PR?_HANDLE_ERROR?USER_APP

?PR?HANDLE_LOCK?USER_APP                         -----    -----      -----    -----      -----    -----      -----    --
>> ---
  +--> ?PR?_FIFOWRITE?USER_APP

?PR?LCD_BIT?USER_DISPLAY                         -----    -----      -----    -----      -----    -----      -----    --
>> ---
  +--> ?CO?USER_DISPLAY

*** NEW ROOT ***************************************************

?PR?ISR_TIMER1?USER_ISR                          -----    -----      -----    -----      -----    -----      -----    --
>> ---
  +--> ?PR?TOUCH_ISR_TIMER?MAIN
  +--> ?PR?DISPLAY?USER_DISPLAY

*** NEW ROOT ***************************************************
BL51 BANKED LINKER/LOCATER V6.22                                                      06/06/2025  18:36:09  PAGE 8



?PR?ISR_CAPSENSING?CAPTOUCH_LIB                  -----    -----      -----    -----      0087H    0002H      -----    --
>> ---
  +--> ?PR?CAPTOUCH_LIB
  +--> ?PR?START_SCAN?CAPTOUCH_LIB



SYMBOL TABLE OF MODULE:  .\Objects\Touch5754 (OPTIONS_SN8F5754)

  VALUE           TYPE          NAME
  ----------------------------------

  -------         MODULE        OPTIONS_SN8F5754
  N:0008H         SYMBOL        CK_FINETUNING_EN
  N:001CH         SYMBOL        CLOCKSRC_SET
  N:00E0H         SYMBOL        EXTERNAL_CLOCKRATE_SET
  N:00A0H         SYMBOL        IHRC32M_CLOCKRATE_SET
  N:0004H         SYMBOL        ISP_EN_SET
  N:0000H         SYMBOL        NOISEFILT_EN_SET
  N:0030H         SYMBOL        RESETPIN_SET
  N:4000H         SYMBOL        ROM_SIZE
  N:0002H         SYMBOL        SECURITY_SET
  N:00C0H         SYMBOL        WATCHCLK_SET
  N:0050H         SYMBOL        WATCHDOG_SET
  N:00C0H         SYMBOL        XTAL12M_CLOCKRATE_SET
  N:00E0H         SYMBOL        XTAL4M_CLOCKRATE_SET
  -------         ENDMOD        OPTIONS_SN8F5754

  -------         MODULE        ?C_STARTUP
  C:1E3BH         SEGMENT       ?C_C51STARTUP
  I:0090H         SEGMENT       ?STACK
  C:0000H         PUBLIC        ?C_STARTUP
  D:00E0H         SYMBOL        ACC
  D:00F0H         SYMBOL        B
  D:0083H         SYMBOL        DPH
  D:0082H         SYMBOL        DPL
  N:0000H         SYMBOL        IBPSTACK
  N:0100H         SYMBOL        IBPSTACKTOP
  N:0100H         SYMBOL        IDATALEN
  C:1E3EH         SYMBOL        IDATALOOP
  N:0000H         SYMBOL        PBPSTACK
  N:0100H         SYMBOL        PBPSTACKTOP
  N:0000H         SYMBOL        PDATALEN
  N:0000H         SYMBOL        PDATASTART
  N:0000H         SYMBOL        PPAGE
  N:0000H         SYMBOL        PPAGEENABLE
  D:00A0H         SYMBOL        PPAGE_SFR
  D:0081H         SYMBOL        SP
  C:1E3BH         SYMBOL        STARTUP1
  N:0000H         SYMBOL        XBPSTACK
  N:0000H         SYMBOL        XBPSTACKTOP
  N:0400H         SYMBOL        XDATALEN
  C:1E49H         SYMBOL        XDATALOOP
  N:0000H         SYMBOL        XDATASTART
  C:0000H         LINE#         126
  C:1E3BH         LINE#         133
BL51 BANKED LINKER/LOCATER V6.22                                                      06/06/2025  18:36:09  PAGE 9


  C:1E3DH         LINE#         134
  C:1E3EH         LINE#         135
  C:1E3FH         LINE#         136
  C:1E41H         LINE#         140
  C:1E44H         LINE#         141
  C:1E46H         LINE#         145
  C:1E48H         LINE#         147
  C:1E49H         LINE#         148
  C:1E4AH         LINE#         149
  C:1E4BH         LINE#         150
  C:1E4DH         LINE#         151
  C:1E4FH         LINE#         185
  C:1E52H         LINE#         196
  -------         ENDMOD        ?C_STARTUP

  -------         MODULE        MAIN
  C:0000H         SYMBOL        _ICE_DUMMY_
  C:1CC4H         PUBLIC        g_cCmTcntPara
  X:F0E3H         PUBLIC        LPSMCH5
  X:F070H         PUBLIC        PW1YL
  X:F072H         PUBLIC        PW2YL
  D:0080H         PUBLIC        P0
  D:0090H         PUBLIC        P1
  D:00A0H         PUBLIC        P2
  D:00B0H         PUBLIC        P3
  X:0000H         PUBLIC        g_cCmKeyData
  D:0095H         PUBLIC        SMODCAL
  X:000CH         PUBLIC        g_lKeyStatusBuf
  X:F045H         PUBLIC        TTCON
  C:1CAFH         PUBLIC        g_cMaxPressCnt
  C:1CB0H         PUBLIC        g_cMeasNumCnt
  D:00A8H         PUBLIC        IEN0
  D:00B8H         PUBLIC        IEN1
  D:00C8H         PUBLIC        IEN2
  D:0098H         PUBLIC        IEN3
  C:1CBBH         PUBLIC        g_cKeyBreakDebounceCnt
  X:0014H         PUBLIC        g_cUartRxData
  X:001EH         PUBLIC        g_cDebugData
  X:F020H         PUBLIC        P0OC
  X:0020H         PUBLIC        g_cUartTxData
  X:F03BH         PUBLIC        CCAL
  X:F021H         PUBLIC        P1OC
  X:F022H         PUBLIC        P2OC
  X:F079H         PUBLIC        PW10DH
  X:F023H         PUBLIC        P3OC
  X:F089H         PUBLIC        PW20DH
  X:F07BH         PUBLIC        PW11DH
  D:0096H         PUBLIC        S0CON2
  C:1CBCH         PUBLIC        g_iDefaultDummyCount
  X:F08BH         PUBLIC        PW21DH
  X:F07DH         PUBLIC        PW12DH
  X:F08DH         PUBLIC        PW22DH
  X:F07FH         PUBLIC        PW13DH
  X:F08FH         PUBLIC        PW23DH
  X:F078H         PUBLIC        PW10DL
  X:F088H         PUBLIC        PW20DL
  X:F07AH         PUBLIC        PW11DL
BL51 BANKED LINKER/LOCATER V6.22                                                      06/06/2025  18:36:09  PAGE 10


  X:F08AH         PUBLIC        PW21DL
  X:F07CH         PUBLIC        PW12DL
  X:F08CH         PUBLIC        PW22DL
  X:F07EH         PUBLIC        PW13DL
  C:2511H         PUBLIC        init_debug_data
  X:F08EH         PUBLIC        PW23DL
  X:F040H         PUBLIC        LPSMCON
  X:F03DH         PUBLIC        CSCH
  C:1CCAH         PUBLIC        g_iCmFtPara
  C:001AH         PUBLIC        init_delay_sleep
  X:002AH         PUBLIC        g_cDebugFreq
  X:F03CH         PUBLIC        CSCL
  D:00BFH         PUBLIC        DEGCMD
  C:24D0H         PUBLIC        main
  X:F000H         PUBLIC        P0UR
  C:1CBAH         PUBLIC        g_cKeyMakeDebounceCnt
  X:F038H         PUBLIC        CSCON1
  X:F001H         PUBLIC        P1UR
  X:F039H         PUBLIC        CSCON2
  X:F002H         PUBLIC        P2UR
  X:F03AH         PUBLIC        CSCON3
  X:F003H         PUBLIC        P3UR
  C:1D26H         PUBLIC        g_iCmNtPara
  B:0020H.5       PUBLIC        f_bTouchIntgnd2ms
  I:008DH         PUBLIC        g_cTouchIntgnd2ms
  C:1CB7H         PUBLIC        g_cFrqNumCnt
  X:F0D5H         PUBLIC        CSC1AVGH
  B:0090H.2       PUBLIC        P12
  X:002BH         PUBLIC        g_cUartRxBuf
  X:F0D7H         PUBLIC        CSC2AVGH
  X:0035H         PUBLIC        g_cUartRxSync
  X:F0D9H         PUBLIC        CSC3AVGH
  D:0088H         PUBLIC        TCON
  X:F0DBH         PUBLIC        CSC4AVGH
  X:F0DDH         PUBLIC        CSC5AVGH
  X:F0D4H         PUBLIC        CSC1AVGL
  X:F0D6H         PUBLIC        CSC2AVGL
  X:F0D8H         PUBLIC        CSC3AVGL
  X:F0DAH         PUBLIC        CSC4AVGL
  X:F0DCH         PUBLIC        CSC5AVGL
  X:0036H         PUBLIC        g_cUartRxCnt
  C:25C4H         PUBLIC        init_touch
  X:0037H         PUBLIC        g_cUartTxCnt
  D:0086H         PUBLIC        WDTR
  X:F03FH         PUBLIC        TSWD
  C:1CB8H         PUBLIC        g_cFrqTswSet
  C:22E8H         PUBLIC        captouch_intgnd
  X:0038H         PUBLIC        g_cMeasTimeLimit
  D:00FAH         PUBLIC        P1M
  X:0039H         PUBLIC        g_cDumData
  D:00FBH         PUBLIC        P2M
  B:00A8H.7       PUBLIC        EAL
  I:008EH         PUBLIC        g_iPressTime
  C:24ADH         PUBLIC        init_uart
  C:1CB5H         PUBLIC        g_cMinusDeltaSet
  X:F03EH         PUBLIC        TSWY
  X:F011H         PUBLIC        P1W
BL51 BANKED LINKER/LOCATER V6.22                                                      06/06/2025  18:36:09  PAGE 11


  D:0094H         PUBLIC        SMODMX
  C:2486H         PUBLIC        touch_isr_timer
  C:1CB2H         PUBLIC        g_cBaseCntMinus
  C:1CB3H         PUBLIC        g_cBaseCntAver
  X:0049H         PUBLIC        g_cCmMeasData
  X:F018H         PUBLIC        P0CON
  D:0099H         PUBLIC        S0BUF
  C:0007H         PUBLIC        disable_debug_uart
  X:F019H         PUBLIC        P1CON
  X:F01AH         PUBLIC        P2CON
  X:F01BH         PUBLIC        P3CON
  D:0097H         PUBLIC        S0CON
  C:2434H         PUBLIC        init_touch_port
  D:009AH         PUBLIC        S0REL
  C:1CBEH         PUBLIC        g_cTabCTnBuf
  C:0056H         PUBLIC        _write_uart_buf
  B:0020H.6       PUBLIC        f_bUartRxEnding
  B:0020H.7       PUBLIC        f_bUartTxEnding
  C:1CB4H         PUBLIC        g_cMaxDeltaSet
  X:F047H         PUBLIC        TTH
  C:1CB6H         PUBLIC        g_cMeasTimeSet
  C:0003H         PUBLIC        enable_debug_uart
  X:F046H         PUBLIC        TTL
  X:F044H         PUBLIC        MINCS0H
  C:1CB1H         PUBLIC        g_cBaseCntPlus
  X:F042H         PUBLIC        MAXCS0H
  X:F0D0H         PUBLIC        CPSTCH0
  X:F0D1H         PUBLIC        CPSTCH1
  X:F043H         PUBLIC        MINCS0L
  X:F0DEH         PUBLIC        LPSMCH0
  X:F0D2H         PUBLIC        CPSTCH2
  X:F0DFH         PUBLIC        LPSMCH1
  X:F071H         PUBLIC        PW1YH
  X:F041H         PUBLIC        MAXCS0L
  D:00D0H         PUBLIC        PSW
  C:1FF7H         PUBLIC        isr_debug_urx
  X:F0E0H         PUBLIC        LPSMCH2
  X:F073H         PUBLIC        PW2YH
  X:F0E1H         PUBLIC        LPSMCH3
  C:2369H         PUBLIC        isr_debug_utx
  X:F0E2H         PUBLIC        LPSMCH4
  -------         PROC          INIT_UART
  C:24ADH         LINE#         24
  C:24ADH         LINE#         25
  C:24ADH         LINE#         26
  C:24AFH         LINE#         27
  C:24B2H         LINE#         28
  C:24B3H         LINE#         29
  C:24B4H         LINE#         30
  C:24B5H         LINE#         31
  C:24BDH         LINE#         33
  C:24C0H         LINE#         34
  C:24C3H         LINE#         35
  C:24C9H         LINE#         36
  C:24CCH         LINE#         38
  C:24CFH         LINE#         39
  -------         ENDPROC       INIT_UART
BL51 BANKED LINKER/LOCATER V6.22                                                      06/06/2025  18:36:09  PAGE 12


  -------         PROC          ISR_DEBUG_UTX
  C:2369H         LINE#         46
  C:2376H         LINE#         48
  C:237FH         LINE#         49
  C:237FH         LINE#         50
  C:2390H         LINE#         51
  C:2392H         LINE#         52
  C:2394H         LINE#         54
  C:2394H         LINE#         55
  C:2396H         LINE#         56
  C:2396H         LINE#         57
  C:2399H         LINE#         58
  -------         ENDPROC       ISR_DEBUG_UTX
  -------         PROC          ISR_DEBUG_URX
  C:1FF7H         LINE#         63
  C:2006H         LINE#         65
  C:2017H         LINE#         66
  C:201DH         LINE#         67
  C:2023H         LINE#         68
  C:2023H         LINE#         69
  C:2026H         LINE#         70
  C:2026H         LINE#         71
  C:202DH         LINE#         72
  C:202DH         LINE#         73
  C:202DH         LINE#         74
  C:202DH         LINE#         75
  C:202FH         LINE#         77
  C:202FH         LINE#         78
  C:2035H         LINE#         79
  C:2035H         LINE#         80
  C:2035H         LINE#         81
  C:203CH         LINE#         82
  C:203CH         LINE#         83
  C:203EH         LINE#         84
  C:2040H         LINE#         85
  C:2040H         LINE#         86
  C:205CH         LINE#         87
  C:2066H         LINE#         88
  C:206BH         LINE#         89
  C:206DH         LINE#         91
  C:206DH         LINE#         92
  C:206FH         LINE#         93
  C:206FH         LINE#         94
  C:2072H         LINE#         95
  -------         ENDPROC       ISR_DEBUG_URX
  -------         PROC          _WRITE_UART_BUF
  D:0007H         SYMBOL        cUartBuf
  C:0056H         LINE#         102
  C:0056H         LINE#         103
  C:0056H         LINE#         104
  C:0058H         LINE#         105
  -------         ENDPROC       _WRITE_UART_BUF
  -------         PROC          ENABLE_DEBUG_UART
  C:0003H         LINE#         112
  C:0003H         LINE#         113
  C:0003H         LINE#         114
  C:0006H         LINE#         115
BL51 BANKED LINKER/LOCATER V6.22                                                      06/06/2025  18:36:09  PAGE 13


  -------         ENDPROC       ENABLE_DEBUG_UART
  -------         PROC          DISABLE_DEBUG_UART
  C:0007H         LINE#         118
  C:0007H         LINE#         119
  C:0007H         LINE#         120
  C:000AH         LINE#         121
  -------         ENDPROC       DISABLE_DEBUG_UART
  -------         PROC          TOUCH_ISR_TIMER
  C:2486H         LINE#         81
  C:2486H         LINE#         82
  C:2486H         LINE#         83
  C:248FH         LINE#         84
  C:248FH         LINE#         85
  C:2492H         LINE#         86
  C:2492H         LINE#         88
  C:2498H         LINE#         89
  C:2498H         LINE#         90
  C:249AH         LINE#         91
  C:249CH         LINE#         92
  C:249CH         LINE#         95
  C:24A4H         LINE#         96
  C:24A4H         LINE#         97
  C:24A6H         LINE#         98
  C:24ACH         LINE#         99
  C:24ACH         LINE#         101
  -------         ENDPROC       TOUCH_ISR_TIMER
  -------         PROC          CAPTOUCH_INTGND
  C:22E8H         LINE#         109
  C:22E8H         LINE#         110
  C:22E8H         LINE#         112
  C:22F8H         LINE#         113
  C:22F8H         LINE#         114
  C:22FBH         LINE#         115
  C:22FBH         LINE#         116
  C:2306H         LINE#         117
  C:2306H         LINE#         118
  C:230BH         LINE#         119
  C:230BH         LINE#         120
  C:230BH         LINE#         121
  C:2313H         LINE#         122
  C:231CH         LINE#         123
  C:231CH         LINE#         124
  C:2323H         LINE#         125
  C:2323H         LINE#         126
  C:2323H         LINE#         128
  C:2323H         LINE#         129
  C:2329H         LINE#         130
  C:2329H         LINE#         140
  -------         ENDPROC       CAPTOUCH_INTGND
  -------         PROC          INIT_DELAY_SLEEP
  C:001AH         LINE#         145
  C:001AH         LINE#         146
  C:001AH         LINE#         151
  -------         ENDPROC       INIT_DELAY_SLEEP
  -------         PROC          INIT_TOUCH_PORT
  C:2434H         LINE#         159
  C:2434H         LINE#         160
BL51 BANKED LINKER/LOCATER V6.22                                                      06/06/2025  18:36:09  PAGE 14


  C:2434H         LINE#         170
  C:243BH         LINE#         171
  C:243EH         LINE#         173
  C:2441H         LINE#         174
  C:2448H         LINE#         178
  C:244FH         LINE#         179
  C:2452H         LINE#         181
  C:2455H         LINE#         182
  C:245CH         LINE#         192
  -------         ENDPROC       INIT_TOUCH_PORT
  -------         PROC          INIT_TOUCH
  C:25C4H         LINE#         197
  C:25C4H         LINE#         198
  C:25C4H         LINE#         199
  C:25C7H         LINE#         204
  C:25CAH         LINE#         207
  C:25CDH         LINE#         208
  -------         ENDPROC       INIT_TOUCH
  -------         PROC          INIT_DEBUG_DATA
  C:2511H         LINE#         218
  C:2511H         LINE#         219
  C:2511H         LINE#         221
  C:251AH         LINE#         222
  C:251AH         LINE#         223
  C:2528H         LINE#         224
  C:252BH         LINE#         229
  C:252EH         LINE#         231
  C:252EH         LINE#         233
  -------         ENDPROC       INIT_DEBUG_DATA
  -------         PROC          MAIN
  C:24D0H         LINE#         108
  C:24D0H         LINE#         109
  C:24D0H         LINE#         110
  C:24D3H         LINE#         111
  C:24D6H         LINE#         113
  C:24D9H         LINE#         115
  C:24DCH         LINE#         117
  C:24DEH         LINE#         119
  C:24DEH         LINE#         120
  C:24DEH         LINE#         121
  C:24E1H         LINE#         122
  C:24E4H         LINE#         123
  C:24E7H         LINE#         126
  C:24EAH         LINE#         134
  C:24EDH         LINE#         135
  C:24F0H         LINE#         138
  -------         ENDPROC       MAIN
  -------         ENDMOD        MAIN

  -------         MODULE        SYSMODE
  C:0000H         SYMBOL        _ICE_DUMMY_
  D:0080H         PUBLIC        P0
  D:0090H         PUBLIC        P1
  D:00A0H         PUBLIC        P2
  D:00B0H         PUBLIC        P3
  D:00A8H         PUBLIC        IEN0
  D:00B8H         PUBLIC        IEN1
BL51 BANKED LINKER/LOCATER V6.22                                                      06/06/2025  18:36:09  PAGE 15


  D:00C8H         PUBLIC        IEN2
  D:0098H         PUBLIC        IEN3
  D:0088H         PUBLIC        TCON
  D:00D0H         PUBLIC        PSW
  -------         ENDMOD        SYSMODE

  -------         MODULE        USER_INIT
  C:0000H         SYMBOL        _ICE_DUMMY_
  D:0080H         PUBLIC        P0
  D:0090H         PUBLIC        P1
  D:00A0H         PUBLIC        P2
  D:00B0H         PUBLIC        P3
  D:00A8H         PUBLIC        IEN0
  D:00B8H         PUBLIC        IEN1
  D:00C8H         PUBLIC        IEN2
  D:0098H         PUBLIC        IEN3
  D:0089H         PUBLIC        TMOD
  D:0088H         PUBLIC        TCON
  D:00A9H         PUBLIC        IP0
  B:00A8H.3       PUBLIC        ET1
  D:00B9H         PUBLIC        IP1
  D:00F9H         PUBLIC        P0M
  D:008DH         PUBLIC        TH1
  D:00FAH         PUBLIC        P1M
  D:00FBH         PUBLIC        P2M
  D:00FCH         PUBLIC        P3M
  D:008BH         PUBLIC        TL1
  B:0088H.6       PUBLIC        TR1
  D:008EH         PUBLIC        TCON0
  C:2261H         PUBLIC        init_sys
  D:00D0H         PUBLIC        PSW
  -------         PROC          INIT_SYS
  C:2261H         LINE#         11
  C:2261H         LINE#         12
  C:2261H         LINE#         13
  C:2266H         LINE#         14
  C:2268H         LINE#         15
  C:226BH         LINE#         17
  C:2271H         LINE#         18
  C:2274H         LINE#         19
  C:2277H         LINE#         21
  C:227DH         LINE#         22
  C:2280H         LINE#         23
  C:2282H         LINE#         25
  C:2288H         LINE#         26
  C:228BH         LINE#         27
  C:228EH         LINE#         46
  C:2291H         LINE#         47
  C:2294H         LINE#         48
  C:2297H         LINE#         50
  C:229AH         LINE#         51
  C:229CH         LINE#         52
  C:229EH         LINE#         54
  C:22A1H         LINE#         55
  C:22A4H         LINE#         69
  -------         ENDPROC       INIT_SYS
  -------         ENDMOD        USER_INIT
BL51 BANKED LINKER/LOCATER V6.22                                                      06/06/2025  18:36:09  PAGE 16



  -------         MODULE        USER_ISR
  C:0000H         SYMBOL        _ICE_DUMMY_
  D:0080H         PUBLIC        P0
  D:0090H         PUBLIC        P1
  D:00A0H         PUBLIC        P2
  D:00B0H         PUBLIC        P3
  C:0052H         PUBLIC        isr_timer0
  C:1D82H         PUBLIC        isr_timer1
  D:00A8H         PUBLIC        IEN0
  D:00B8H         PUBLIC        IEN1
  D:00C8H         PUBLIC        IEN2
  D:0098H         PUBLIC        IEN3
  D:0008H         PUBLIC        timebase_500us
  D:0088H         PUBLIC        TCON
  D:0009H         PUBLIC        keylong_1msF
  D:000AH         PUBLIC        IntGnd
  C:0059H         PUBLIC        isr_adc
  D:0014H         PUBLIC        buztime_500ms
  D:0016H         PUBLIC        set_time
  D:0017H         PUBLIC        keylong_1ms
  D:00D0H         PUBLIC        PSW
  D:0018H         PUBLIC        scanT
  -------         PROC          ISR_TIMER0
  C:0052H         LINE#         28
  C:0052H         LINE#         33
  -------         ENDPROC       ISR_TIMER0
  -------         PROC          ISR_TIMER1
  C:1D82H         LINE#         38
  C:1D9FH         LINE#         40
  C:1DA2H         LINE#         42
  C:1DACH         LINE#         43
  C:1DACH         LINE#         44
  C:1DAFH         LINE#         45
  C:1DB2H         LINE#         47
  C:1DB6H         LINE#         48
  C:1DB8H         LINE#         50
  C:1DBBH         LINE#         51
  C:1DBEH         LINE#         53
  C:1DC8H         LINE#         54
  C:1DC8H         LINE#         55
  C:1DCBH         LINE#         56
  C:1DCEH         LINE#         58
  C:1DD2H         LINE#         59
  C:1DD4H         LINE#         62
  C:1DDEH         LINE#         63
  C:1DDEH         LINE#         64
  C:1DE1H         LINE#         65
  C:1DE4H         LINE#         67
  C:1DE8H         LINE#         68
  C:1DEAH         LINE#         70
  C:1DEEH         LINE#         71
  C:1DF0H         LINE#         73
  C:1DF4H         LINE#         74
  C:1DF6H         LINE#         76
  C:1E00H         LINE#         77
  C:1E00H         LINE#         78
BL51 BANKED LINKER/LOCATER V6.22                                                      06/06/2025  18:36:09  PAGE 17


  C:1E03H         LINE#         79
  C:1E06H         LINE#         81
  C:1E0AH         LINE#         82
  C:1E0AH         LINE#         83
  C:1E0DH         LINE#         84
  C:1E0DH         LINE#         85
  C:1E10H         LINE#         86
  C:1E10H         LINE#         87
  C:1E10H         LINE#         90
  C:1E1AH         LINE#         91
  C:1E1AH         LINE#         92
  C:1E1DH         LINE#         93
  C:1E20H         LINE#         94
  C:1E20H         LINE#         95
  C:1E20H         LINE#         96
  C:1E20H         LINE#         97
  C:1E20H         LINE#         98
  C:1E20H         LINE#         122
  -------         ENDPROC       ISR_TIMER1
  -------         PROC          ISR_ADC
  C:0059H         LINE#         250
  C:0059H         LINE#         255
  -------         ENDPROC       ISR_ADC
  -------         ENDMOD        USER_ISR

  -------         MODULE        USER_KEY
  C:0000H         SYMBOL        _ICE_DUMMY_
  I:0089H         PUBLIC        g_lKeyOld
  D:0080H         PUBLIC        P0
  C:12C6H         PUBLIC        touch_key_cvt
  D:0090H         PUBLIC        P1
  D:00A0H         PUBLIC        P2
  D:00B0H         PUBLIC        P3
  D:00A8H         PUBLIC        IEN0
  D:00B8H         PUBLIC        IEN1
  D:00C8H         PUBLIC        IEN2
  D:0098H         PUBLIC        IEN3
  D:0057H         PUBLIC        tm_keydelay
  D:0058H         PUBLIC        key_debunc
  D:0059H         PUBLIC        key_chkbuf
  D:005AH         PUBLIC        key_oldbuf
  D:005BH         PUBLIC        EncChk
  D:005CH         PUBLIC        tm_keychat
  B:0090H.0       PUBLIC        P10
  B:0090H.1       PUBLIC        P11
  D:0088H         PUBLIC        TCON
  D:005DH         PUBLIC        EncOld
  D:005EH         PUBLIC        key_cvtbuf
  D:005FH         PUBLIC        key_inbuf
  B:0021H.2       PUBLIC        Enc1
  D:0060H         PUBLIC        EncNow
  D:0061H         PUBLIC        Keylong
  D:00D0H         PUBLIC        PSW
  -------         PROC          TOUCH_KEY_CVT
  C:12C6H         LINE#         75
  C:12C6H         LINE#         76
  C:12C6H         LINE#         77
BL51 BANKED LINKER/LOCATER V6.22                                                      06/06/2025  18:36:09  PAGE 18


  C:12CAH         LINE#         78
  C:12CCH         LINE#         81
  C:12CFH         LINE#         83
  C:12D8H         LINE#         84
  C:12E1H         LINE#         85
  C:12EAH         LINE#         86
  C:12F3H         LINE#         87
  C:12FCH         LINE#         88
  C:1305H         LINE#         92
  C:130AH         LINE#         93
  C:130AH         LINE#         94
  C:130EH         LINE#         95
  C:1311H         LINE#         96
  C:1313H         LINE#         98
  C:1313H         LINE#         99
  C:1316H         LINE#         100
  C:1319H         LINE#         101
  C:1319H         LINE#         104
  C:1322H         LINE#         105
  C:1322H         LINE#         106
  C:1328H         LINE#         108
  C:132BH         LINE#         109
  C:132BH         LINE#         110
  C:1330H         LINE#         111
  C:1330H         LINE#         112
  C:1330H         LINE#         114
  C:1330H         LINE#         116
  C:133DH         LINE#         117
  C:1340H         LINE#         118
  C:1340H         LINE#         119
  C:1340H         LINE#         121
  C:1345H         LINE#         122
  C:1345H         LINE#         123
  C:134AH         LINE#         124
  C:134AH         LINE#         125
  C:134FH         LINE#         126
  C:134FH         LINE#         127
  C:1355H         LINE#         128
  C:1358H         LINE#         129
  C:1358H         LINE#         130
  C:135DH         LINE#         131
  C:135DH         LINE#         132
  C:135DH         LINE#         134
  C:1362H         LINE#         135
  C:1362H         LINE#         136
  C:1367H         LINE#         137
  C:1367H         LINE#         138
  C:136CH         LINE#         139
  C:136CH         LINE#         140
  C:1372H         LINE#         141
  C:1375H         LINE#         142
  C:1375H         LINE#         143
  C:137AH         LINE#         144
  C:137AH         LINE#         145
  C:137AH         LINE#         147
  C:137FH         LINE#         148
  C:137FH         LINE#         149
BL51 BANKED LINKER/LOCATER V6.22                                                      06/06/2025  18:36:09  PAGE 19


  C:1384H         LINE#         150
  C:1384H         LINE#         151
  C:1389H         LINE#         152
  C:1389H         LINE#         153
  C:138FH         LINE#         154
  C:1392H         LINE#         155
  C:1392H         LINE#         156
  C:1397H         LINE#         157
  C:1397H         LINE#         158
  C:1397H         LINE#         160
  C:139CH         LINE#         161
  C:139CH         LINE#         162
  C:13A1H         LINE#         163
  C:13A1H         LINE#         164
  C:13A6H         LINE#         165
  C:13A6H         LINE#         166
  C:13ACH         LINE#         167
  C:13AFH         LINE#         168
  C:13AFH         LINE#         169
  C:13B4H         LINE#         170
  C:13B4H         LINE#         171
  C:13B4H         LINE#         173
  C:13B9H         LINE#         174
  C:13B9H         LINE#         175
  C:13BEH         LINE#         176
  C:13BEH         LINE#         177
  C:13C4H         LINE#         178
  C:13C6H         LINE#         180
  C:13C6H         LINE#         181
  C:13CBH         LINE#         182
  C:13CBH         LINE#         183
  C:13CBH         LINE#         185
  C:13CEH         LINE#         186
  C:13CEH         LINE#         191
  C:13D2H         LINE#         192
  C:13D2H         LINE#         193
  C:13D5H         LINE#         195
  C:13DBH         LINE#         196
  C:13DBH         LINE#         197
  C:13E8H         LINE#         198
  C:13E8H         LINE#         199
  C:13EEH         LINE#         200
  C:13F3H         LINE#         201
  C:13F6H         LINE#         203
  C:1402H         LINE#         204
  C:1405H         LINE#         205
  C:1405H         LINE#         206
  C:1405H         LINE#         207
  C:1405H         LINE#         212
  C:1408H         LINE#         222
  C:140EH         LINE#         223
  C:1414H         LINE#         225
  C:141DH         LINE#         226
  C:141DH         LINE#         228
  C:141DH         LINE#         229
  C:1424H         LINE#         230
  C:1424H         LINE#         232
BL51 BANKED LINKER/LOCATER V6.22                                                      06/06/2025  18:36:09  PAGE 20


  C:1424H         LINE#         235
  C:1437H         LINE#         236
  C:1437H         LINE#         237
  C:143AH         LINE#         238
  C:143AH         LINE#         240
  C:1459H         LINE#         241
  C:1459H         LINE#         242
  C:145CH         LINE#         243
  C:145FH         LINE#         245
  C:1462H         LINE#         246
  C:1462H         LINE#         247
  C:1464H         LINE#         248
  C:1467H         LINE#         251
  C:146DH         LINE#         252
  C:146DH         LINE#         253
  C:1471H         LINE#         254
  C:1471H         LINE#         255
  C:1476H         LINE#         256
  C:147DH         LINE#         257
  C:147FH         LINE#         258
  C:147FH         LINE#         259
  C:1483H         LINE#         260
  C:1483H         LINE#         261
  C:1488H         LINE#         262
  C:148FH         LINE#         263
  C:1491H         LINE#         264
  C:1491H         LINE#         265
  C:1491H         LINE#         267
  C:1493H         LINE#         269
  C:1493H         LINE#         270
  C:1495H         LINE#         271
  C:1495H         LINE#         272
  C:1495H         LINE#         275
  C:14A8H         LINE#         276
  C:14A8H         LINE#         277
  C:14ABH         LINE#         278
  C:14ABH         LINE#         280
  C:14CAH         LINE#         281
  C:14CAH         LINE#         282
  C:14CDH         LINE#         283
  C:14D0H         LINE#         285
  C:14D3H         LINE#         286
  C:14D3H         LINE#         287
  C:14D5H         LINE#         288
  C:14D8H         LINE#         291
  C:14DEH         LINE#         292
  C:14DEH         LINE#         293
  C:14E2H         LINE#         294
  C:14E2H         LINE#         295
  C:14E7H         LINE#         296
  C:14EEH         LINE#         297
  C:14F0H         LINE#         298
  C:14F0H         LINE#         299
  C:14F4H         LINE#         300
  C:14F4H         LINE#         301
  C:14F9H         LINE#         302
  C:1500H         LINE#         303
BL51 BANKED LINKER/LOCATER V6.22                                                      06/06/2025  18:36:09  PAGE 21


  C:1502H         LINE#         304
  C:1502H         LINE#         305
  C:1502H         LINE#         307
  C:1503H         LINE#         309
  C:1503H         LINE#         310
  C:1505H         LINE#         311
  C:1505H         LINE#         313
  C:1505H         LINE#         317
  -------         ENDPROC       TOUCH_KEY_CVT
  -------         ENDMOD        USER_KEY

  -------         MODULE        USER_APP
  C:0000H         SYMBOL        _ICE_DUMMY_
  D:0080H         PUBLIC        P0
  D:0090H         PUBLIC        P1
  D:00A0H         PUBLIC        P2
  D:00B0H         PUBLIC        P3
  C:2151H         SYMBOL        handle_open
  D:00A8H         PUBLIC        IEN0
  D:00B8H         PUBLIC        IEN1
  D:00C8H         PUBLIC        IEN2
  D:0098H         PUBLIC        IEN3
  D:0024H         PUBLIC        read
  D:0025H         PUBLIC        disp_chan_tm1
  D:0026H         PUBLIC        buztime_500msF
  D:0027H         PUBLIC        disp_chan_tm2
  D:0028H         PUBLIC        disp_delay
  D:0029H         PUBLIC        mode
  C:24F2H         SYMBOL        _process_i2c_command
  D:002AH         PUBLIC        status
  D:002BH         PUBLIC        time_level
  D:002CH         PUBLIC        write
  D:0088H         PUBLIC        TCON
  B:00A0H.4       PUBLIC        P24
  D:002DH         PUBLIC        temp
  C:000EH         PUBLIC        fifo_empty
  D:002EH         PUBLIC        knob_time
  C:23A4H         PUBLIC        app
  C:25F0H         PUBLIC        buzzerOff
  C:0046H         PUBLIC        disp_time
  C:258CH         PUBLIC        fiforead
  D:002FH         PUBLIC        wat_level
  C:21B9H         SYMBOL        _handle_standby
  D:00FBH         PUBLIC        P2M
  C:001EH         PUBLIC        _fifowrite
  C:25FAH         PUBLIC        buzzerOn
  D:0030H         PUBLIC        fifobuf
  D:0038H         PUBLIC        wat_tab
  C:25B3H         SYMBOL        _handle_close
  D:004AH         PUBLIC        sw
  D:004BH         PUBLIC        set_watt
  D:004CH         PUBLIC        send_wat_tab
  D:0055H         PUBLIC        childLockActive
  D:00D0H         PUBLIC        PSW
  C:245DH         SYMBOL        handle_lock
  D:0056H         PUBLIC        err_num
  C:2577H         SYMBOL        _handle_error
BL51 BANKED LINKER/LOCATER V6.22                                                      06/06/2025  18:36:09  PAGE 22


  -------         PROC          FIFO_EMPTY
  C:000EH         LINE#         56
  C:000EH         LINE#         57
  C:0019H         LINE#         58
  -------         ENDPROC       FIFO_EMPTY
  -------         PROC          FIFOREAD
  -------         DO            
  D:0007H         SYMBOL        Rdata
  -------         ENDDO         
  C:258CH         LINE#         61
  C:258CH         LINE#         62
  C:258CH         LINE#         65
  C:2593H         LINE#         66
  C:2595H         LINE#         69
  C:259CH         LINE#         70
  C:259FH         LINE#         72
  C:259FH         LINE#         73
  -------         ENDPROC       FIFOREAD
  -------         PROC          _FIFOWRITE
  D:0007H         SYMBOL        num
  -------         DO            
  D:0006H         SYMBOL        next
  -------         ENDDO         
  C:001EH         LINE#         76
  C:001EH         LINE#         77
  C:001EH         LINE#         81
  C:0022H         LINE#         84
  C:0027H         LINE#         85
  C:0029H         LINE#         88
  C:002DH         LINE#         89
  C:002DH         LINE#         91
  C:002FH         LINE#         92
  C:0036H         LINE#         93
  C:0039H         LINE#         94
  C:0039H         LINE#         96
  C:0040H         LINE#         97
  C:0042H         LINE#         98
  -------         ENDPROC       _FIFOWRITE
  -------         PROC          BUZZERON
  C:25FAH         LINE#         100
  C:25FAH         LINE#         101
  C:25FAH         LINE#         102
  C:25FFH         LINE#         103
  C:2602H         LINE#         104
  -------         ENDPROC       BUZZERON
  -------         PROC          BUZZEROFF
  C:25F0H         LINE#         106
  C:25F0H         LINE#         107
  C:25F0H         LINE#         108
  C:25F4H         LINE#         109
  C:25F4H         LINE#         110
  C:25F9H         LINE#         112
  C:25F9H         LINE#         113
  -------         ENDPROC       BUZZEROFF
  -------         PROC          APP
  -------         DO            
  D:0022H         SYMBOL        prev_mode
BL51 BANKED LINKER/LOCATER V6.22                                                      06/06/2025  18:36:09  PAGE 23


  D:0023H         SYMBOL        from_error
  -------         ENDDO         
  C:23A4H         LINE#         116
  C:23A4H         LINE#         117
  C:23A4H         LINE#         121
  C:23A7H         LINE#         123
  C:23B0H         LINE#         125
  C:23B3H         LINE#         127
  C:23B8H         LINE#         128
  C:23B8H         LINE#         129
  C:23B8H         LINE#         130
  C:23CAH         LINE#         131
  C:23CAH         LINE#         133
  C:23CAH         LINE#         134
  C:23CAH         LINE#         135
  C:23D3H         LINE#         136
  C:23D3H         LINE#         137
  C:23D3H         LINE#         139
  -------         ENDPROC       APP
  -------         PROC          DISP_TIME
  C:0046H         LINE#         141
  C:0046H         LINE#         142
  C:0046H         LINE#         143
  C:004AH         LINE#         144
  C:004AH         LINE#         145
  C:004EH         LINE#         146
  C:0051H         LINE#         147
  C:0051H         LINE#         149
  -------         ENDPROC       DISP_TIME
  -------         PROC          _PROCESS_I2C_COMMAND
  D:0001H         SYMBOL        from_error
  C:24F2H         LINE#         152
  C:24F2H         LINE#         153
  C:24F2H         LINE#         154
  C:24FCH         LINE#         155
  C:2502H         LINE#         156
  C:2507H         LINE#         157
  C:2507H         LINE#         158
  C:2507H         LINE#         159
  C:250CH         LINE#         160
  C:2510H         LINE#         161
  C:2510H         LINE#         162
  -------         ENDPROC       _PROCESS_I2C_COMMAND
  -------         PROC          HANDLE_OPEN
  C:2151H         LINE#         164
  C:2151H         LINE#         165
  C:2151H         LINE#         166
  C:2158H         LINE#         167
  C:215BH         LINE#         169
  C:216FH         LINE#         170
  C:216FH         LINE#         171
  C:216FH         LINE#         172
  C:2172H         LINE#         173
  C:2175H         LINE#         174
  C:2178H         LINE#         175
  C:217BH         LINE#         176
  C:217BH         LINE#         177
BL51 BANKED LINKER/LOCATER V6.22                                                      06/06/2025  18:36:09  PAGE 24


  C:217DH         LINE#         179
  C:217DH         LINE#         180
  C:2180H         LINE#         181
  C:2183H         LINE#         182
  C:2186H         LINE#         183
  C:2189H         LINE#         184
  C:2189H         LINE#         185
  C:218BH         LINE#         187
  C:218BH         LINE#         188
  C:218EH         LINE#         189
  C:2191H         LINE#         190
  C:2194H         LINE#         191
  C:2197H         LINE#         192
  C:219AH         LINE#         193
  C:219BH         LINE#         195
  C:219BH         LINE#         196
  C:219EH         LINE#         197
  C:21A1H         LINE#         198
  C:21A4H         LINE#         199
  C:21A5H         LINE#         201
  C:21A5H         LINE#         202
  C:21A8H         LINE#         203
  C:21B0H         LINE#         204
  C:21B1H         LINE#         206
  C:21B1H         LINE#         207
  C:21B1H         LINE#         208
  C:21B4H         LINE#         209
  C:21B6H         LINE#         210
  C:21B8H         LINE#         211
  C:21B8H         LINE#         213
  C:21B8H         LINE#         214
  -------         ENDPROC       HANDLE_OPEN
  -------         PROC          HANDLE_LOCK
  C:245DH         LINE#         216
  C:245DH         LINE#         217
  C:245DH         LINE#         218
  C:2463H         LINE#         219
  C:2466H         LINE#         221
  C:2469H         LINE#         223
  C:2474H         LINE#         224
  C:2477H         LINE#         226
  C:247BH         LINE#         227
  C:247BH         LINE#         228
  C:247EH         LINE#         229
  C:2481H         LINE#         230
  C:2481H         LINE#         232
  -------         ENDPROC       HANDLE_LOCK
  -------         PROC          _HANDLE_ERROR
  D:0001H         SYMBOL        from_error
  D:0005H         SYMBOL        prev_mode
  C:2577H         LINE#         235
  C:2577H         LINE#         236
  C:2577H         LINE#         237
  C:257AH         LINE#         239
  C:257FH         LINE#         240
  C:257FH         LINE#         241
  C:2582H         LINE#         242
BL51 BANKED LINKER/LOCATER V6.22                                                      06/06/2025  18:36:09  PAGE 25


  C:2585H         LINE#         243
  C:2587H         LINE#         244
  C:258BH         LINE#         245
  C:258BH         LINE#         246
  -------         ENDPROC       _HANDLE_ERROR
  -------         PROC          _HANDLE_STANDBY
  D:0019H         SYMBOL        prev_mode
  D:001CH         SYMBOL        from_error
  C:21B9H         LINE#         248
  C:21BFH         LINE#         249
  C:21BFH         LINE#         250
  C:21CBH         LINE#         251
  C:21CEH         LINE#         253
  C:21D4H         LINE#         254
  C:21D4H         LINE#         255
  C:21DAH         LINE#         256
  C:21DAH         LINE#         257
  C:21E5H         LINE#         258
  C:21EBH         LINE#         259
  C:21EEH         LINE#         260
  C:21F1H         LINE#         261
  C:21F1H         LINE#         262
  C:21F1H         LINE#         264
  C:21FFH         LINE#         265
  C:21FFH         LINE#         266
  C:21FFH         LINE#         267
  C:2202H         LINE#         268
  C:2202H         LINE#         270
  C:2202H         LINE#         271
  C:2205H         LINE#         272
  C:2205H         LINE#         274
  C:2205H         LINE#         275
  C:2218H         LINE#         276
  C:2218H         LINE#         277
  C:2218H         LINE#         278
  -------         ENDPROC       _HANDLE_STANDBY
  -------         PROC          _HANDLE_CLOSE
  D:0001H         SYMBOL        from_error
  C:25B3H         LINE#         280
  C:25B3H         LINE#         281
  C:25B3H         LINE#         282
  C:25B6H         LINE#         283
  C:25B9H         LINE#         284
  C:25BCH         LINE#         285
  C:25BEH         LINE#         286
  C:25C1H         LINE#         287
  C:25C3H         LINE#         288
  -------         ENDPROC       _HANDLE_CLOSE
  -------         ENDMOD        USER_APP

  -------         MODULE        USER_IIC
  C:0000H         SYMBOL        _ICE_DUMMY_
  D:0080H         PUBLIC        P0
  D:0090H         PUBLIC        P1
  D:00A0H         PUBLIC        P2
  D:00B0H         PUBLIC        P3
  B:00B8H.0       PUBLIC        EI2C
BL51 BANKED LINKER/LOCATER V6.22                                                      06/06/2025  18:36:09  PAGE 26


  D:00A8H         PUBLIC        IEN0
  D:00B8H         PUBLIC        IEN1
  D:0063H         PUBLIC        MasterBuf
  D:00C8H         PUBLIC        IEN2
  D:0098H         PUBLIC        IEN3
  D:00DBH         PUBLIC        I2CADR
  D:00DAH         PUBLIC        I2CDAT
  D:0066H         PUBLIC        SlaveBuf
  D:0068H         PUBLIC        MainMegCode
  D:00DCH         PUBLIC        I2CCON
  D:00DDH         PUBLIC        I2CSTA
  D:0069H         PUBLIC        MainTemCode
  C:207FH         PUBLIC        isr_i2c_slave
  D:006AH         PUBLIC        MasterBufLen
  D:006BH         PUBLIC        MainWatCode
  D:0088H         PUBLIC        TCON
  C:22A5H         PUBLIC        I2C_DataCom
  D:006CH         PUBLIC        SlaveBufLen
  D:00DEH         PUBLIC        SMBSEL
  C:2561H         PUBLIC        IIC_Init
  D:00FAH         PUBLIC        P1M
  D:006DH         PUBLIC        fI2c_RecvOk
  D:00D0H         PUBLIC        PSW
  -------         PROC          IIC_INIT
  C:2561H         LINE#         22
  C:2561H         LINE#         23
  C:2561H         LINE#         24
  C:2564H         LINE#         25
  C:256BH         LINE#         27
  C:256BH         LINE#         29
  C:256EH         LINE#         31
  C:2570H         LINE#         32
  C:2573H         LINE#         33
  C:2576H         LINE#         34
  -------         ENDPROC       IIC_INIT
  -------         PROC          I2C_DATACOM
  -------         DO            
  D:0007H         SYMBOL        i
  D:0006H         SYMBOL        CheckSum
  -------         ENDDO         
  C:22A5H         LINE#         38
  C:22A5H         LINE#         39
  C:22A5H         LINE#         42
  C:22A9H         LINE#         43
  C:22A9H         LINE#         44
  C:22ACH         LINE#         47
  C:22AEH         LINE#         48
  C:22AEH         LINE#         49
  C:22B5H         LINE#         50
  C:22B9H         LINE#         51
  C:22BDH         LINE#         52
  C:22C0H         LINE#         53
  C:22C0H         LINE#         54
  C:22C3H         LINE#         55
  C:22C6H         LINE#         56
  C:22C6H         LINE#         59
  C:22C9H         LINE#         60
BL51 BANKED LINKER/LOCATER V6.22                                                      06/06/2025  18:36:09  PAGE 27


  C:22C9H         LINE#         61
  C:22CFH         LINE#         62
  C:22D3H         LINE#         64
  C:22D6H         LINE#         65
  C:22D6H         LINE#         66
  C:22DDH         LINE#         67
  C:22E1H         LINE#         68
  C:22E5H         LINE#         69
  C:22E7H         LINE#         71
  C:22E7H         LINE#         72
  -------         ENDPROC       I2C_DATACOM
  -------         PROC          ISR_I2C_SLAVE
  C:207FH         LINE#         80
  C:208AH         LINE#         82
  C:20A5H         LINE#         83
  C:20A5H         LINE#         85
  C:20A5H         LINE#         86
  C:20A5H         LINE#         87
  C:20A8H         LINE#         88
  C:20A8H         LINE#         89
  C:20AAH         LINE#         90
  C:20AAH         LINE#         91
  C:20AAH         LINE#         92
  C:20AAH         LINE#         93
  C:20B5H         LINE#         94
  C:20B7H         LINE#         95
  C:20B7H         LINE#         98
  C:20B7H         LINE#         99
  C:20B7H         LINE#         100
  C:20B7H         LINE#         101
  C:20BAH         LINE#         102
  C:20BCH         LINE#         103
  C:20BCH         LINE#         104
  C:20BCH         LINE#         105
  C:20BCH         LINE#         106
  C:20BCH         LINE#         107
  C:20C6H         LINE#         108
  C:20CBH         LINE#         109
  C:20CEH         LINE#         110
  C:20D0H         LINE#         111
  C:20D0H         LINE#         113
  C:20D0H         LINE#         114
  C:20D0H         LINE#         115
  C:20D3H         LINE#         116
  C:20D6H         LINE#         118
  C:20D9H         LINE#         119
  C:20D9H         LINE#         120
  C:20D9H         LINE#         121
  C:20D9H         LINE#         123
  C:20DCH         LINE#         124
  C:20DFH         LINE#         125
  -------         ENDPROC       ISR_I2C_SLAVE
  -------         ENDMOD        USER_IIC

  -------         MODULE        USER_DISPLAY
  C:0000H         SYMBOL        _ICE_DUMMY_
  C:25D4H         PUBLIC        LCD_TabNum
BL51 BANKED LINKER/LOCATER V6.22                                                      06/06/2025  18:36:09  PAGE 28


  D:0080H         PUBLIC        P0
  D:0090H         PUBLIC        P1
  D:00A0H         PUBLIC        P2
  D:00B0H         PUBLIC        P3
  D:00A8H         PUBLIC        IEN0
  D:00B8H         PUBLIC        IEN1
  D:00C8H         PUBLIC        IEN2
  D:0098H         PUBLIC        IEN3
  D:006EH         PUBLIC        LCDB
  D:0073H         PUBLIC        bit_number
  B:0080H.0       PUBLIC        P00
  B:0080H.1       PUBLIC        P01
  B:0080H.2       PUBLIC        P02
  B:00B0H.0       PUBLIC        P30
  B:0080H.3       PUBLIC        P03
  B:00B0H.1       PUBLIC        P31
  B:0090H.3       PUBLIC        P13
  B:0080H.4       PUBLIC        P04
  B:00B0H.2       PUBLIC        P32
  B:0080H.5       PUBLIC        P05
  D:0088H         PUBLIC        TCON
  B:00B0H.3       PUBLIC        P33
  B:0080H.6       PUBLIC        P06
  B:0080H.7       PUBLIC        P07
  D:00F9H         PUBLIC        P0M
  D:00FAH         PUBLIC        P1M
  D:00FCH         PUBLIC        P3M
  C:1887H         PUBLIC        lcd_bit
  D:0074H         PUBLIC        scan_num
  D:0075H         PUBLIC        LED_B
  D:00D0H         PUBLIC        PSW
  C:1506H         PUBLIC        display
  -------         PROC          LCD_BIT
  C:1887H         LINE#         15
  C:1887H         LINE#         16
  C:1887H         LINE#         17
  C:18B0H         LINE#         18
  C:18B0H         LINE#         19
  C:18B0H         LINE#         20
  C:18B3H         LINE#         21
  C:18B5H         LINE#         22
  C:18B5H         LINE#         23
  C:18B5H         LINE#         24
  C:18B5H         LINE#         25
  C:18B7H         LINE#         27
  C:18B7H         LINE#         28
  C:18BAH         LINE#         29
  C:18C0H         LINE#         30
  C:18C5H         LINE#         31
  C:18C6H         LINE#         32
  C:18C6H         LINE#         33
  C:18C9H         LINE#         35
  C:18C9H         LINE#         36
  C:18EDH         LINE#         37
  C:190DH         LINE#         38
  C:1914H         LINE#         39
  C:1916H         LINE#         40
BL51 BANKED LINKER/LOCATER V6.22                                                      06/06/2025  18:36:09  PAGE 29


  C:1919H         LINE#         41
  C:191AH         LINE#         43
  C:191AH         LINE#         44
  C:191DH         LINE#         45
  C:191EH         LINE#         47
  C:191EH         LINE#         48
  C:1925H         LINE#         50
  C:192DH         LINE#         51
  C:1930H         LINE#         52
  C:1930H         LINE#         53
  C:1930H         LINE#         54
  C:1932H         LINE#         56
  C:1932H         LINE#         57
  C:1939H         LINE#         58
  C:193CH         LINE#         59
  C:193EH         LINE#         60
  C:1947H         LINE#         61
  C:1952H         LINE#         62
  C:1955H         LINE#         63
  C:1956H         LINE#         65
  C:1956H         LINE#         66
  C:195AH         LINE#         67
  C:195AH         LINE#         68
  C:195DH         LINE#         69
  C:1960H         LINE#         71
  C:1966H         LINE#         72
  C:1969H         LINE#         73
  C:196BH         LINE#         74
  C:1974H         LINE#         75
  C:197FH         LINE#         76
  C:197FH         LINE#         78
  C:1983H         LINE#         79
  C:1983H         LINE#         80
  C:1986H         LINE#         81
  C:1989H         LINE#         83
  C:19ADH         LINE#         84
  C:19CDH         LINE#         85
  C:19D4H         LINE#         86
  C:19D6H         LINE#         87
  C:19D6H         LINE#         88
  C:19D6H         LINE#         89
  C:19D6H         LINE#         91
  -------         ENDPROC       LCD_BIT
  -------         PROC          DISPLAY
  C:1506H         LINE#         93
  C:1506H         LINE#         94
  C:1506H         LINE#         95
  C:150FH         LINE#         96
  C:1519H         LINE#         97
  C:151CH         LINE#         98
  C:153AH         LINE#         99
  C:153AH         LINE#         100
  C:153AH         LINE#         102
  C:1544H         LINE#         103
  C:154EH         LINE#         104
  C:1558H         LINE#         105
  C:1562H         LINE#         106
BL51 BANKED LINKER/LOCATER V6.22                                                      06/06/2025  18:36:09  PAGE 30


  C:156CH         LINE#         107
  C:1576H         LINE#         108
  C:1580H         LINE#         109
  C:158AH         LINE#         110
  C:158FH         LINE#         111
  C:1590H         LINE#         113
  C:1590H         LINE#         115
  C:159AH         LINE#         116
  C:15A4H         LINE#         117
  C:15AEH         LINE#         118
  C:15B8H         LINE#         119
  C:15C2H         LINE#         120
  C:15CCH         LINE#         121
  C:15D6H         LINE#         122
  C:15E0H         LINE#         123
  C:15E5H         LINE#         124
  C:15E6H         LINE#         126
  C:15E6H         LINE#         128
  C:15F0H         LINE#         129
  C:15FAH         LINE#         130
  C:1604H         LINE#         131
  C:160EH         LINE#         132
  C:1618H         LINE#         133
  C:1622H         LINE#         134
  C:162CH         LINE#         135
  C:1636H         LINE#         136
  C:163BH         LINE#         137
  C:163CH         LINE#         139
  C:163CH         LINE#         141
  C:1646H         LINE#         142
  C:1650H         LINE#         143
  C:165AH         LINE#         144
  C:1664H         LINE#         145
  C:166EH         LINE#         146
  C:1678H         LINE#         147
  C:1682H         LINE#         148
  C:168CH         LINE#         149
  C:1691H         LINE#         150
  C:1692H         LINE#         152
  C:1692H         LINE#         154
  C:169CH         LINE#         155
  C:16A6H         LINE#         156
  C:16B0H         LINE#         157
  C:16BAH         LINE#         158
  C:16C4H         LINE#         159
  C:16C9H         LINE#         160
  C:16C9H         LINE#         161
  C:16C9H         LINE#         162
  -------         ENDPROC       DISPLAY
  -------         ENDMOD        USER_DISPLAY

  -------         MODULE        CAPTOUCH_LIB
  C:0000H         SYMBOL        _ICE_DUMMY_
  D:0080H         PUBLIC        P0
  D:0090H         PUBLIC        P1
  D:00A0H         PUBLIC        P2
  X:02A0H         PUBLIC        g_iDummyDownCnt
BL51 BANKED LINKER/LOCATER V6.22                                                      06/06/2025  18:36:09  PAGE 31


  D:00B0H         PUBLIC        P3
  D:00A8H         PUBLIC        IEN0
  I:0076H         PUBLIC        g_lKeyCvt
  D:00B8H         PUBLIC        IEN1
  D:00C8H         PUBLIC        IEN2
  D:0098H         PUBLIC        IEN3
  X:02A2H         PUBLIC        g_iChannelCnt
  X:02A4H         PUBLIC        g_cChannelSet
  I:007AH         PUBLIC        g_cMeasChannelPre
  X:02A5H         PUBLIC        g_cChanelIndexPre
  C:19D7H         PUBLIC        touchkey_checkdebounce
  X:02A6H         PUBLIC        g_iDummyUpCnt
  B:0020H.0       PUBLIC        f_bMeasBase
  D:00A6H         PUBLIC        IRCON2
  C:25EAH         PUBLIC        g_iLibVersion
  D:0088H         PUBLIC        TCON
  C:25E2H         PUBLIC        g_cChannelSetList
  C:1F69H         PUBLIC        _touch_meas_reset
  C:25A0H         PUBLIC        start_scan
  X:02A8H         PUBLIC        g_cScanStatus
  I:007BH         PUBLIC        g_cChannelSetPre
  B:0020H.1       PUBLIC        f_bStartMeas
  B:0020H.2       PUBLIC        f_bKeyStatusUpdate
  X:02A9H         PUBLIC        g_cCKfreqSelect
  C:1ADEH         PUBLIC        pre_touch
  B:0020H.3       PUBLIC        f_bMeasOver
  C:232AH         PUBLIC        sum_base_data
  X:02AAH         PUBLIC        g_iDummyCapBase
  C:20E8H         PUBLIC        switch_channel
  C:00B6H         PUBLIC        scan_touch_key
  C:005EH         PUBLIC        reset_meas_times_cnt
  X:02ACH         PUBLIC        g_cMeasTimeTemp
  X:02ADH         PUBLIC        g_iDummyCapMeas
  C:16CAH         PUBLIC        isr_capsensing
  B:0020H.4       PUBLIC        f_bMultiKey
  X:02AFH         PUBLIC        g_iDummyCapAver
  I:007CH         PUBLIC        g_lKeyStatus
  C:2549H         PUBLIC        _get_key_index
  X:02B1H         PUBLIC        g_UCapMeas0
  X:02B5H         PUBLIC        g_UCapMeas1
  X:02B9H         PUBLIC        g_cMeasTimeCnt
  I:0080H         PUBLIC        g_cMeasChannel
  X:02BAH         PUBLIC        g_UCapMeasSum
  X:02BEH         PUBLIC        g_iCapMeasMin
  X:02C0H         PUBLIC        g_iCapMeasMax
  D:00C3H         PUBLIC        CSCON
  I:0081H         PUBLIC        g_cCKfreqSelectPre
  D:00D0H         PUBLIC        PSW
  C:0CF2H         SYMBOL        Com00B8
  C:0CF2H         SYMBOL        L?0185
  C:0CFEH         SYMBOL        L?0186
  C:0D0EH         SYMBOL        L?0187
  C:0D11H         SYMBOL        L?0188
  C:0D16H         SYMBOL        L?0189
  C:0D1CH         SYMBOL        L?0190
  C:0D1CH         SYMBOL        L?0191
  C:0D21H         SYMBOL        L?0192
BL51 BANKED LINKER/LOCATER V6.22                                                      06/06/2025  18:36:09  PAGE 32


  C:0D24H         SYMBOL        L?0193
  C:0D3DH         SYMBOL        L?0194
  C:0D3DH         SYMBOL        L?0195
  C:0D47H         SYMBOL        L?0196
  C:0D4AH         SYMBOL        L?0197
  C:0D56H         SYMBOL        L?0198
  C:0D5BH         SYMBOL        L?0199
  C:0D5FH         SYMBOL        L?0200
  C:0D62H         SYMBOL        L?0201
  C:0D6CH         SYMBOL        L?0202
  C:0D7CH         SYMBOL        L?0203
  C:0D82H         SYMBOL        L?0204
  C:0D83H         SYMBOL        L?0205
  C:0D92H         SYMBOL        L?0206
  C:0DA4H         SYMBOL        L?0207
  C:0DA7H         SYMBOL        L?0208
  C:0DAAH         SYMBOL        L?0209
  C:0DB0H         SYMBOL        L?0210
  C:0DB2H         SYMBOL        L?0211
  C:0DBCH         SYMBOL        L?0212
  C:0DC8H         SYMBOL        L?0213
  C:0DCAH         SYMBOL        L?0214
  C:0DCBH         SYMBOL        L?0215
  C:0DCEH         SYMBOL        L?0216
  C:0DDAH         SYMBOL        L?0217
  C:0DF9H         SYMBOL        L?0218
  C:0E00H         SYMBOL        L?0219
  C:0E0AH         SYMBOL        L?0220
  C:0E21H         SYMBOL        L?0221
  C:0E22H         SYMBOL        L?0222
  C:0E2FH         SYMBOL        L?0223
  C:0E44H         SYMBOL        L?0224
  C:0E54H         SYMBOL        L?0225
  C:0E5EH         SYMBOL        L?0226
  C:0E61H         SYMBOL        L?0227
  C:0E6DH         SYMBOL        L?0228
  C:0E6FH         SYMBOL        L?0229
  C:0E73H         SYMBOL        L?0230
  C:0E79H         SYMBOL        L?0231
  C:0E8CH         SYMBOL        L?0232
  C:0E99H         SYMBOL        L?0233
  C:0E9BH         SYMBOL        L?0234
  C:0EA8H         SYMBOL        L?0235
  C:0EACH         SYMBOL        L?0236
  C:0EADH         SYMBOL        L?0237
  C:0EBAH         SYMBOL        L?0238
  C:0EBAH         SYMBOL        L?0239
  C:0EBDH         SYMBOL        L?0240
  C:0EC9H         SYMBOL        L?0241
  C:0ECFH         SYMBOL        L?0242
  C:0EDBH         SYMBOL        L?0243
  C:0EE0H         SYMBOL        L?0244
  C:0EF0H         SYMBOL        L?0245
  C:0EF3H         SYMBOL        L?0246
  C:0EFFH         SYMBOL        L?0247
  C:0EFFH         SYMBOL        L?0248
  C:0F09H         SYMBOL        L?0249
BL51 BANKED LINKER/LOCATER V6.22                                                      06/06/2025  18:36:09  PAGE 33


  C:0F09H         SYMBOL        L?0250
  C:0F0BH         SYMBOL        L?0251
  C:0F14H         SYMBOL        L?0252
  C:0F14H         SYMBOL        L?0253
  C:0F1BH         SYMBOL        L?0254
  C:0F1BH         SYMBOL        L?0255
  C:0F23H         SYMBOL        L?0256
  C:0F2CH         SYMBOL        L?0257
  C:0F35H         SYMBOL        L?0258
  C:0F35H         SYMBOL        L?0259
  C:0F42H         SYMBOL        L?0260
  C:0F42H         SYMBOL        L?0261
  C:0F4FH         SYMBOL        L?0262
  C:0F52H         SYMBOL        L?0263
  C:0F5CH         SYMBOL        L?0264
  C:0F5DH         SYMBOL        L?0265
  C:0F68H         SYMBOL        L?0266
  C:0F6DH         SYMBOL        L?0267
  C:0F74H         SYMBOL        L?0269
  C:0F77H         SYMBOL        L?0270
  C:0F80H         SYMBOL        L?0271
  C:0F90H         SYMBOL        L?0272
  C:0F90H         SYMBOL        L?0273
  C:0F9AH         SYMBOL        L?0274
  C:0F9AH         SYMBOL        L?0275
  C:0FA4H         SYMBOL        L?0276
  C:0FB3H         SYMBOL        L?0277
  C:0FB5H         SYMBOL        L?0278
  C:0FBCH         SYMBOL        L?0279
  C:0FBCH         SYMBOL        L?0280
  C:0FC5H         SYMBOL        L?0281
  C:0FC8H         SYMBOL        L?0282
  C:0FCFH         SYMBOL        L?0283
  C:0FDBH         SYMBOL        L?0284
  C:0FDBH         SYMBOL        L?0285
  C:0FE3H         SYMBOL        L?0286
  C:0FEFH         SYMBOL        L?0287
  C:0FEFH         SYMBOL        L?0288
  C:0FF7H         SYMBOL        L?0289
  C:1002H         SYMBOL        L?0290
  C:1002H         SYMBOL        L?0291
  C:1009H         SYMBOL        L?0292
  C:1009H         SYMBOL        L?0293
  C:1010H         SYMBOL        L?0294
  C:1010H         SYMBOL        L?0295
  C:1017H         SYMBOL        L?0296
  C:1021H         SYMBOL        L?0297
  -------         PROC          COM00B8
  -------         ENDPROC       COM00B8
  -------         PROC          START_SCAN
  C:25A0H         LINE#         66
  C:25A0H         LINE#         67
  C:25A0H         LINE#         68
  C:25A3H         LINE#         69
  C:25A6H         LINE#         70
  C:25A9H         LINE#         71
  C:25B2H         LINE#         72
BL51 BANKED LINKER/LOCATER V6.22                                                      06/06/2025  18:36:09  PAGE 34


  -------         ENDPROC       START_SCAN
  -------         PROC          PRE_TOUCH
  -------         DO            
  I:0082H         SYMBOL        cTemp
  -------         ENDDO         
  C:1ADEH         LINE#         77
  C:1ADEH         LINE#         78
  C:1ADEH         LINE#         80
  C:1AEFH         LINE#         81
  C:1AEFH         LINE#         82
  C:1B00H         LINE#         83
[...]
  C:172BH         LINE#         648
  C:1733H         LINE#         649
  C:1733H         LINE#         650
  C:1739H         LINE#         651
  C:1739H         LINE#         652
  C:1739H         LINE#         653
  C:173CH         LINE#         655
  C:173CH         LINE#         656
  C:173FH         LINE#         657
  C:1745H         LINE#         658
  C:1745H         LINE#         659
  C:1748H         LINE#         662
  C:1748H         LINE#         663
  C:1756H         LINE#         664
  C:1759H         LINE#         665
  C:1759H         LINE#         666
  C:175CH         LINE#         667
  C:175CH         LINE#         668
  C:176AH         LINE#         669
  C:176AH         LINE#         670
  C:1772H         LINE#         671
  C:1774H         LINE#         673
  C:1774H         LINE#         674
  C:178EH         LINE#         675
  C:1796H         LINE#         676
  C:1796H         LINE#         677
  C:1796H         LINE#         678
  C:1796H         LINE#         679
  C:1799H         LINE#         680
  C:1799H         LINE#         681
  C:1799H         LINE#         682
  C:179CH         LINE#         684
  C:179CH         LINE#         685
  C:17A2H         LINE#         686
  C:17A2H         LINE#         689
  C:17A6H         LINE#         690
  C:17A8H         LINE#         692
  C:17A8H         LINE#         701
  C:17BBH         LINE#         702
  C:17BBH         LINE#         703
  C:17C1H         LINE#         705
  C:17C7H         LINE#         706
  C:17C7H         LINE#         707
  C:17C7H         LINE#         708
  C:17CAH         LINE#         710
  C:17CAH         LINE#         711
  C:17DBH         LINE#         712
  C:17DBH         LINE#         713
BL51 BANKED LINKER/LOCATER V6.22                                                      06/06/2025  18:36:09  PAGE 43


  C:17E0H         LINE#         714
  C:17E3H         LINE#         715
  C:17E3H         LINE#         716
  C:17E3H         LINE#         717
  C:17E3H         LINE#         718
  C:17E6H         LINE#         720
  C:17E6H         LINE#         721
  C:17ECH         LINE#         722
  C:17ECH         LINE#         723
  C:17FDH         LINE#         724
  C:1801H         LINE#         725
  C:1803H         LINE#         727
  C:1803H         LINE#         728
  C:1813H         LINE#         729
  C:1813H         LINE#         730
  C:1816H         LINE#         731
  C:1816H         LINE#         732
  C:1826H         LINE#         733
  C:1826H         LINE#         734
  C:1829H         LINE#         735
  C:1829H         LINE#         736
  C:183CH         LINE#         737
  C:183CH         LINE#         738
  C:1842H         LINE#         739
  C:184FH         LINE#         740
  C:184FH         LINE#         741
  C:1854H         LINE#         742
  C:1857H         LINE#         743
  C:1859H         LINE#         745
  C:1859H         LINE#         746
  C:185EH         LINE#         747
  C:1864H         LINE#         748
  C:1864H         LINE#         749
  C:1866H         LINE#         751
  C:1866H         LINE#         752
  C:1866H         LINE#         753
  C:1866H         LINE#         754
  C:1866H         LINE#         756
  C:1866H         LINE#         757
  C:186CH         LINE#         758
  C:186CH         LINE#         759
  -------         ENDPROC       ISR_CAPSENSING
  -------         PROC          TOUCHKEY_CHECKDEBOUNCE
  -------         DO            
  I:0082H         SYMBOL        cTemp
  I:0083H         SYMBOL        cDebounceIndex
  I:0084H         SYMBOL        cDebounceSet
  I:0085H         SYMBOL        cKeyStatus
  I:0086H         SYMBOL        cPressCnt
  -------         ENDDO         
  C:19D7H         LINE#         764
  C:19D7H         LINE#         765
  C:19D7H         LINE#         767
  C:19DBH         LINE#         768
  C:19EFH         LINE#         769
  C:19EFH         LINE#         770
  C:19F5H         LINE#         771
BL51 BANKED LINKER/LOCATER V6.22                                                      06/06/2025  18:36:09  PAGE 44


  C:1A06H         LINE#         772
  C:1A11H         LINE#         773
  C:1A17H         LINE#         774
  C:1A17H         LINE#         775
  C:1A19H         LINE#         776
  C:1A19H         LINE#         777
  C:1A2CH         LINE#         778
  C:1A2CH         LINE#         779
  C:1A2CH         LINE#         780
  C:1A2FH         LINE#         781
  C:1A2FH         LINE#         782
  C:1A2FH         LINE#         783
  C:1A38H         LINE#         784
  C:1A38H         LINE#         785
  C:1A3EH         LINE#         786
  C:1A41H         LINE#         787
  C:1A41H         LINE#         788
  C:1A43H         LINE#         790
  C:1A43H         LINE#         791
  C:1A48H         LINE#         792
  C:1A48H         LINE#         793
  C:1A4BH         LINE#         795
  C:1A4BH         LINE#         796
  C:1A50H         LINE#         797
  C:1A50H         LINE#         798
  C:1A5AH         LINE#         799
  C:1A5DH         LINE#         800
  C:1A60H         LINE#         802
  C:1A60H         LINE#         803
  C:1A70H         LINE#         804
  C:1A70H         LINE#         805
  C:1A73H         LINE#         807
  C:1A73H         LINE#         808
  C:1A78H         LINE#         809
  C:1A78H         LINE#         810
  C:1A7EH         LINE#         811
  C:1A80H         LINE#         813
  C:1A80H         LINE#         814
  C:1A80H         LINE#         815
  C:1A86H         LINE#         816
  C:1A86H         LINE#         817
  C:1A8BH         LINE#         818
  C:1A8CH         LINE#         819
  C:1A8CH         LINE#         820
  C:1A8CH         LINE#         821
  C:1A8EH         LINE#         822
  C:1A8EH         LINE#         823
  C:1A8EH         LINE#         824
  C:1A93H         LINE#         825
  C:1A93H         LINE#         826
  C:1A9DH         LINE#         827
  C:1AA8H         LINE#         828
  C:1AAAH         LINE#         830
  C:1AAAH         LINE#         831
  C:1AB6H         LINE#         832
  C:1AB6H         LINE#         833
  C:1AB6H         LINE#         834
BL51 BANKED LINKER/LOCATER V6.22                                                      06/06/2025  18:36:09  PAGE 45


  C:1AB6H         LINE#         835
  C:1ABCH         LINE#         836
  C:1AC9H         LINE#         837
  C:1AC9H         LINE#         838
  C:1ACBH         LINE#         839
  C:1ACBH         LINE#         840
  C:1ADBH         LINE#         841
  C:1ADBH         LINE#         842
  C:1ADDH         LINE#         844
  C:1ADDH         LINE#         845
  -------         ENDPROC       TOUCHKEY_CHECKDEBOUNCE
  -------         ENDMOD        CAPTOUCH_LIB

  -------         MODULE        CAPTOUCH_DEBUG_UART
  C:0000H         SYMBOL        _ICE_DUMMY_
  D:0080H         PUBLIC        P0
  D:0090H         PUBLIC        P1
  D:00A0H         PUBLIC        P2
  D:00B0H         PUBLIC        P3
  D:00A8H         PUBLIC        IEN0
  D:00B8H         PUBLIC        IEN1
  D:00C8H         PUBLIC        IEN2
  D:0098H         PUBLIC        IEN3
  C:252FH         PUBLIC        uart_write_n_byte
  C:2219H         PUBLIC        _check_data_sum
  C:2404H         PUBLIC        check_urx_delay
  D:0088H         PUBLIC        TCON
  C:23D4H         PUBLIC        check_utx_delay
  C:08E9H         PUBLIC        debug_uart_comm
  D:0086H         PUBLIC        WDTR
  D:00D0H         PUBLIC        PSW
  C:1BD7H         SYMBOL        Com0040
  C:1BD7H         SYMBOL        L?0065
  C:1BE0H         SYMBOL        L?0066
  C:1BE8H         SYMBOL        L?0068
  C:1BF0H         SYMBOL        L?0069
  C:1BF8H         SYMBOL        L?0070
  C:1BFEH         SYMBOL        L?0071
  C:1C0AH         SYMBOL        L?0072
  C:1C0AH         SYMBOL        L?0073
  C:1C0DH         SYMBOL        L?0074
  C:1C17H         SYMBOL        L?0075
  C:1C1AH         SYMBOL        L?0076
  C:1C24H         SYMBOL        L?0077
  C:1C37H         SYMBOL        L?0079
  C:1C37H         SYMBOL        L?0080
  C:1C41H         SYMBOL        L?0081
  C:1C46H         SYMBOL        L?0082
  C:1C4DH         SYMBOL        L?0083
  C:1C5CH         SYMBOL        L?0084
  C:1C6BH         SYMBOL        L?0085
  C:1C6BH         SYMBOL        L?0086
  C:1C74H         SYMBOL        L?0087
  C:1C75H         SYMBOL        L?0088
  C:1C7DH         SYMBOL        L?0089
  C:1C8AH         SYMBOL        L?0090
  C:1C94H         SYMBOL        L?0091
BL51 BANKED LINKER/LOCATER V6.22                                                      06/06/2025  18:36:09  PAGE 46


  C:1C94H         SYMBOL        L?0092
  C:1C9BH         SYMBOL        L?0093
  C:1CA5H         SYMBOL        L?0094
  -------         PROC          COM0040
  -------         ENDPROC       COM0040
  -------         PROC          CHECK_UTX_DELAY
  -------         DO            
  X:029EH         SYMBOL        iTemp
  -------         ENDDO         
  C:23D4H         LINE#         14
  C:23D4H         LINE#         15
  C:23D4H         LINE#         17
  C:23DBH         LINE#         18
  C:23DBH         LINE#         19
  C:23DEH         LINE#         20
  C:23E1H         LINE#         21
  C:23E1H         LINE#         23
  C:23E1H         LINE#         24
  C:23FBH         LINE#         25
  C:23FEH         LINE#         26
  C:2400H         LINE#         27
  C:2403H         LINE#         28
  -------         ENDPROC       CHECK_UTX_DELAY
  -------         PROC          CHECK_URX_DELAY
  -------         DO            
  X:029EH         SYMBOL        iTemp
  -------         ENDDO         
  C:2404H         LINE#         29
  C:2404H         LINE#         30
  C:2404H         LINE#         32
  C:240BH         LINE#         33
  C:240BH         LINE#         34
  C:240EH         LINE#         35
  C:2411H         LINE#         36
  C:2411H         LINE#         38
  C:2411H         LINE#         39
  C:242BH         LINE#         40
  C:242EH         LINE#         41
  C:2430H         LINE#         42
  C:2433H         LINE#         43
  -------         ENDPROC       CHECK_URX_DELAY
  -------         PROC          UART_WRITE_N_BYTE
  C:252FH         LINE#         51
  C:252FH         LINE#         52
  C:252FH         LINE#         53
  C:2534H         LINE#         54
  C:2536H         LINE#         55
  -------         ENDPROC       UART_WRITE_N_BYTE
  -------         PROC          _CHECK_DATA_SUM
  D:0019H         SYMBOL        cData
  D:0005H         SYMBOL        cSize
  -------         DO            
  X:029EH         SYMBOL        cDataTemp
  X:029FH         SYMBOL        cTemp
  -------         ENDDO         
  C:2219H         LINE#         63
  C:221FH         LINE#         64
BL51 BANKED LINKER/LOCATER V6.22                                                      06/06/2025  18:36:09  PAGE 47


  C:221FH         LINE#         65
  C:2224H         LINE#         67
  C:222EH         LINE#         68
  C:223AH         LINE#         69
  C:223AH         LINE#         70
  C:2252H         LINE#         71
  C:2258H         LINE#         72
  C:2260H         LINE#         73
  C:2260H         LINE#         74
  -------         ENDPROC       _CHECK_DATA_SUM
  C:0CB2H         SYMBOL        L?0063
  C:0CCAH         SYMBOL        L?0067
  C:0CE1H         SYMBOL        L?0078
  -------         PROC          DEBUG_UART_COMM
  -------         DO            
  X:029AH         SYMBOL        iDeltaTemp
  X:029CH         SYMBOL        cDataCmd
  X:029DH         SYMBOL        i
  -------         ENDDO         
  C:08E9H         LINE#         81
  C:08E9H         LINE#         82
  C:08E9H         LINE#         85
  C:08EFH         LINE#         88
  C:08F2H         LINE#         89
  C:08F2H         LINE#         90
  C:08F7H         LINE#         91
  C:08F7H         LINE#         92
  C:090DH         LINE#         93
  C:090DH         LINE#         94
  C:090FH         LINE#         95
  C:091CH         LINE#         96
  C:091CH         LINE#         97
  C:0921H         LINE#         98
  C:0921H         LINE#         99
  C:0923H         LINE#         100
  C:092EH         LINE#         101
  C:092EH         LINE#         102
  C:0930H         LINE#         103
  C:093DH         LINE#         104
  C:093DH         LINE#         105
  C:0942H         LINE#         106
  C:0942H         LINE#         107
  C:0942H         LINE#         108
  C:0942H         LINE#         109
  C:0947H         LINE#         110
  C:0949H         LINE#         111
  C:0949H         LINE#         112
  C:094CH         LINE#         116
  C:095EH         LINE#         117
  C:095EH         LINE#         121
  C:095EH         LINE#         122
  C:0963H         LINE#         123
  C:0963H         LINE#         124
  C:0966H         LINE#         125
  C:096AH         LINE#         126
  C:096CH         LINE#         127
  C:0977H         LINE#         128
BL51 BANKED LINKER/LOCATER V6.22                                                      06/06/2025  18:36:09  PAGE 48


  C:0977H         LINE#         129
  C:0977H         LINE#         130
  C:097AH         LINE#         131
  C:097DH         LINE#         132
  C:0983H         LINE#         133
  C:0983H         LINE#         134
  C:098BH         LINE#         135
  C:098BH         LINE#         136
  C:09A0H         LINE#         137
  C:09A0H         LINE#         138
  C:09AFH         LINE#         139
  C:09AFH         LINE#         140
  C:09C0H         LINE#         141
  C:09C0H         LINE#         142
  C:09C9H         LINE#         143
  C:09C9H         LINE#         144
  C:09DAH         LINE#         145
  C:09EAH         LINE#         146
  C:09FDH         LINE#         147
  C:0A0AH         LINE#         148
  C:0A3BH         LINE#         149
  C:0A6CH         LINE#         150
  C:0A6CH         LINE#         151
  C:0A6EH         LINE#         152
  C:0A6EH         LINE#         153
  C:0A77H         LINE#         154
  C:0A77H         LINE#         155
  C:0A77H         LINE#         156
  C:0A79H         LINE#         157
  C:0A7EH         LINE#         158
  C:0A7EH         LINE#         159
  C:0A8DH         LINE#         160
  C:0A94H         LINE#         161
  C:0A94H         LINE#         165
  C:0A94H         LINE#         166
  C:0A94H         LINE#         167
  C:0A94H         LINE#         168
  C:0A94H         LINE#         169
  C:0A94H         LINE#         170
  C:0A99H         LINE#         171
  C:0A9CH         LINE#         172
  C:0A9CH         LINE#         173
  C:0A9CH         LINE#         174
  C:0A9FH         LINE#         175
  C:0AB1H         LINE#         176
  C:0AB1H         LINE#         177
  C:0AB4H         LINE#         178
  C:0AB8H         LINE#         179
  C:0ABCH         LINE#         180
  C:0AC0H         LINE#         181
  C:0AC3H         LINE#         182
  C:0AD1H         LINE#         183
  C:0AD1H         LINE#         184
  C:0AE0H         LINE#         185
  C:0AE0H         LINE#         186
  C:0AFDH         LINE#         187
  C:0B0FH         LINE#         188
BL51 BANKED LINKER/LOCATER V6.22                                                      06/06/2025  18:36:09  PAGE 49


  C:0B43H         LINE#         189
  C:0B45H         LINE#         190
  C:0B45H         LINE#         191
  C:0B4EH         LINE#         192
  C:0B53H         LINE#         193
  C:0B5AH         LINE#         194
  C:0B5AH         LINE#         195
  C:0B5FH         LINE#         196
  C:0B61H         LINE#         198
  C:0B61H         LINE#         199
  C:0B67H         LINE#         200
  C:0B67H         LINE#         201
  C:0B67H         LINE#         202
  C:0B67H         LINE#         203
  C:0B6AH         LINE#         204
  C:0B73H         LINE#         205
  C:0B75H         LINE#         210
  C:0B75H         LINE#         211
  C:0B75H         LINE#         212
  C:0B78H         LINE#         213
  C:0B78H         LINE#         214
  C:0B7AH         LINE#         215
  C:0B7AH         LINE#         216
  C:0B7AH         LINE#         217
  C:0B7AH         LINE#         218
  C:0B7AH         LINE#         219
  C:0B80H         LINE#         220
  C:0B88H         LINE#         221
  C:0B90H         LINE#         222
  C:0B99H         LINE#         223
  C:0B99H         LINE#         224
  C:0B99H         LINE#         225
  C:0B9CH         LINE#         226
  C:0B9CH         LINE#         227
  C:0B9FH         LINE#         228
  C:0BACH         LINE#         229
  C:0BC3H         LINE#         230
  C:0BD3H         LINE#         231
  C:0BEBH         LINE#         232
  C:0BFFH         LINE#         233
  C:0C28H         LINE#         234
  C:0C28H         LINE#         235
  C:0C38H         LINE#         236
  C:0C3AH         LINE#         238
  C:0C3AH         LINE#         239
  C:0C64H         LINE#         240
  C:0C64H         LINE#         241
  C:0C6CH         LINE#         242
  C:0C74H         LINE#         244
  C:0C84H         LINE#         245
  C:0C84H         LINE#         246
  C:0C8AH         LINE#         247
  C:0C8CH         LINE#         249
  C:0C8CH         LINE#         250
  C:0C91H         LINE#         251
  C:0C91H         LINE#         252
  C:0C94H         LINE#         253
BL51 BANKED LINKER/LOCATER V6.22                                                      06/06/2025  18:36:09  PAGE 50


  C:0C94H         LINE#         254
  C:0C9BH         LINE#         255
  C:0C9BH         LINE#         256
  C:0CABH         LINE#         257
  C:0CAEH         LINE#         258
  C:0CB1H         LINE#         259
  C:0CB1H         LINE#         260
  C:0CB1H         LINE#         261
  -------         ENDPROC       DEBUG_UART_COMM
  -------         ENDMOD        CAPTOUCH_DEBUG_UART

  -------         MODULE        ?C?CLDPTR
  C:102BH         PUBLIC        ?C?CLDPTR
  -------         ENDMOD        ?C?CLDPTR

  -------         MODULE        ?C?CSTPTR
  C:1044H         PUBLIC        ?C?CSTPTR
  -------         ENDMOD        ?C?CSTPTR

  -------         MODULE        ?C?IMUL
  C:1056H         PUBLIC        ?C?IMUL
  -------         ENDMOD        ?C?IMUL

  -------         MODULE        ?C?UIDIV
  C:1068H         PUBLIC        ?C?UIDIV
  -------         ENDMOD        ?C?UIDIV

  -------         MODULE        ?C?IILDX
  C:10BDH         PUBLIC        ?C?IILDX
  -------         ENDMOD        ?C?IILDX

  -------         MODULE        ?C?LMUL
  C:10D3H         PUBLIC        ?C?LMUL
  -------         ENDMOD        ?C?LMUL

  -------         MODULE        ?C?ULDIV
  C:115EH         PUBLIC        ?C?ULDIV
  -------         ENDMOD        ?C?ULDIV

  -------         MODULE        ?C?SLCMP
  C:11F0H         PUBLIC        ?C?SLCMP
  -------         ENDMOD        ?C?SLCMP

  -------         MODULE        ?C?ULCMP
  C:1206H         PUBLIC        ?C?ULCMP
  -------         ENDMOD        ?C?ULCMP

  -------         MODULE        ?C?ULSHR
  C:1217H         PUBLIC        ?C?ULSHR
  -------         ENDMOD        ?C?ULSHR

  -------         MODULE        ?C?LLDIDATA0
  C:122AH         PUBLIC        ?C?LLDIDATA0
  -------         ENDMOD        ?C?LLDIDATA0

  -------         MODULE        ?C?LSTXDATA
  C:1237H         PUBLIC        ?C?LSTXDATA
BL51 BANKED LINKER/LOCATER V6.22                                                      06/06/2025  18:36:09  PAGE 51


  -------         ENDMOD        ?C?LSTXDATA

  -------         MODULE        ?C?LSTKIDATA
  C:1243H         PUBLIC        ?C?LSTKIDATA
  -------         ENDMOD        ?C?LSTKIDATA

  -------         MODULE        ?C?LSTKXDATA
  C:125CH         PUBLIC        ?C?LSTKXDATA
  -------         ENDMOD        ?C?LSTKXDATA

  -------         MODULE        ?C?OFFXADD
  C:128DH         PUBLIC        ?C?OFFXADD
  -------         ENDMOD        ?C?OFFXADD

  -------         MODULE        ?C?LIMUL
  C:1299H         PUBLIC        ?C?LIMUL
  -------         ENDMOD        ?C?LIMUL

Program Size: data=143.3 xdata=774 code=9730
LINK/LOCATE RUN COMPLETE.  0 WARNING(S),  0 ERROR(S)
